Component: ARM Compiler 5.06 update 2 (build 183) Tool: armlink [4d35b7]

==============================================================================

Section Cross References

    inv_mpu.o(i.accel_self_test) refers to inv_mpu.o(i.get_accel_prod_shift) for get_accel_prod_shift
    inv_mpu.o(i.accel_self_test) refers to f2d.o(x$fpl$f2d) for __aeabi_f2d
    inv_mpu.o(i.accel_self_test) refers to fabs.o(i.__hardfp_fabs) for __hardfp_fabs
    inv_mpu.o(i.accel_self_test) refers to drleqf.o(x$fpl$drleqf) for __aeabi_cdrcmple
    inv_mpu.o(i.accel_self_test) refers to inv_mpu.o(.constdata) for test
    inv_mpu.o(i.compass_self_test) refers to inv_mpu.o(i.mpu_set_bypass) for mpu_set_bypass
    inv_mpu.o(i.compass_self_test) refers to stm32f4xx_empl_drv.o(i.stm32f4xx_i2c_write) for stm32f4xx_i2c_write
    inv_mpu.o(i.compass_self_test) refers to stm32f4xx_empl_drv.o(i.stm32f4xx_delay_ms) for stm32f4xx_delay_ms
    inv_mpu.o(i.compass_self_test) refers to stm32f4xx_empl_drv.o(i.stm32f4xx_i2c_read) for stm32f4xx_i2c_read
    inv_mpu.o(i.compass_self_test) refers to inv_mpu.o(.data) for st
    inv_mpu.o(i.get_accel_prod_shift) refers to stm32f4xx_empl_drv.o(i.stm32f4xx_i2c_read) for stm32f4xx_i2c_read
    inv_mpu.o(i.get_accel_prod_shift) refers to inv_mpu.o(.data) for st
    inv_mpu.o(i.get_st_biases) refers to stm32f4xx_empl_drv.o(i.stm32f4xx_i2c_write) for stm32f4xx_i2c_write
    inv_mpu.o(i.get_st_biases) refers to stm32f4xx_empl_drv.o(i.stm32f4xx_delay_ms) for stm32f4xx_delay_ms
    inv_mpu.o(i.get_st_biases) refers to stm32f4xx_empl_drv.o(i.stm32f4xx_i2c_read) for stm32f4xx_i2c_read
    inv_mpu.o(i.get_st_biases) refers to llsdiv.o(.text) for __aeabi_ldivmod
    inv_mpu.o(i.get_st_biases) refers to inv_mpu.o(.data) for st
    inv_mpu.o(i.get_st_biases) refers to inv_mpu.o(.constdata) for test
    inv_mpu.o(i.gyro_self_test) refers to stm32f4xx_empl_drv.o(i.stm32f4xx_i2c_read) for stm32f4xx_i2c_read
    inv_mpu.o(i.gyro_self_test) refers to f2d.o(x$fpl$f2d) for __aeabi_f2d
    inv_mpu.o(i.gyro_self_test) refers to fabs.o(i.__hardfp_fabs) for __hardfp_fabs
    inv_mpu.o(i.gyro_self_test) refers to drleqf.o(x$fpl$drleqf) for __aeabi_cdrcmple
    inv_mpu.o(i.gyro_self_test) refers to inv_mpu.o(.data) for st
    inv_mpu.o(i.gyro_self_test) refers to inv_mpu.o(.constdata) for test
    inv_mpu.o(i.mpu_configure_fifo) refers to inv_mpu.o(i.set_int_enable) for set_int_enable
    inv_mpu.o(i.mpu_configure_fifo) refers to inv_mpu.o(i.mpu_reset_fifo) for mpu_reset_fifo
    inv_mpu.o(i.mpu_configure_fifo) refers to inv_mpu.o(.data) for st
    inv_mpu.o(i.mpu_get_accel_fsr) refers to inv_mpu.o(.data) for st
    inv_mpu.o(i.mpu_get_accel_reg) refers to stm32f4xx_empl_drv.o(i.stm32f4xx_i2c_read) for stm32f4xx_i2c_read
    inv_mpu.o(i.mpu_get_accel_reg) refers to stm32f4xx_empl_drv.o(i.stm32f4xx_get_ms) for stm32f4xx_get_ms
    inv_mpu.o(i.mpu_get_accel_reg) refers to inv_mpu.o(.data) for st
    inv_mpu.o(i.mpu_get_accel_sens) refers to inv_mpu.o(.data) for st
    inv_mpu.o(i.mpu_get_compass_fsr) refers to inv_mpu.o(.data) for st
    inv_mpu.o(i.mpu_get_compass_reg) refers to stm32f4xx_empl_drv.o(i.stm32f4xx_i2c_read) for stm32f4xx_i2c_read
    inv_mpu.o(i.mpu_get_compass_reg) refers to stm32f4xx_empl_drv.o(i.stm32f4xx_get_ms) for stm32f4xx_get_ms
    inv_mpu.o(i.mpu_get_compass_reg) refers to inv_mpu.o(.data) for st
    inv_mpu.o(i.mpu_get_compass_sample_rate) refers to inv_mpu.o(.data) for st
    inv_mpu.o(i.mpu_get_dmp_state) refers to inv_mpu.o(.data) for st
    inv_mpu.o(i.mpu_get_fifo_config) refers to inv_mpu.o(.data) for st
    inv_mpu.o(i.mpu_get_gyro_fsr) refers to inv_mpu.o(.data) for st
    inv_mpu.o(i.mpu_get_gyro_reg) refers to stm32f4xx_empl_drv.o(i.stm32f4xx_i2c_read) for stm32f4xx_i2c_read
    inv_mpu.o(i.mpu_get_gyro_reg) refers to stm32f4xx_empl_drv.o(i.stm32f4xx_get_ms) for stm32f4xx_get_ms
    inv_mpu.o(i.mpu_get_gyro_reg) refers to inv_mpu.o(.data) for st
    inv_mpu.o(i.mpu_get_gyro_sens) refers to inv_mpu.o(.data) for st
    inv_mpu.o(i.mpu_get_int_status) refers to stm32f4xx_empl_drv.o(i.stm32f4xx_i2c_read) for stm32f4xx_i2c_read
    inv_mpu.o(i.mpu_get_int_status) refers to inv_mpu.o(.data) for st
    inv_mpu.o(i.mpu_get_lpf) refers to inv_mpu.o(.data) for st
    inv_mpu.o(i.mpu_get_power_state) refers to inv_mpu.o(.data) for st
    inv_mpu.o(i.mpu_get_sample_rate) refers to inv_mpu.o(.data) for st
    inv_mpu.o(i.mpu_get_temperature) refers to stm32f4xx_empl_drv.o(i.stm32f4xx_i2c_read) for stm32f4xx_i2c_read
    inv_mpu.o(i.mpu_get_temperature) refers to stm32f4xx_empl_drv.o(i.stm32f4xx_get_ms) for stm32f4xx_get_ms
    inv_mpu.o(i.mpu_get_temperature) refers to inv_mpu.o(.data) for st
    inv_mpu.o(i.mpu_init) refers to stm32f4xx_empl_drv.o(i.stm32f4xx_i2c_write) for stm32f4xx_i2c_write
    inv_mpu.o(i.mpu_init) refers to stm32f4xx_empl_drv.o(i.stm32f4xx_delay_ms) for stm32f4xx_delay_ms
    inv_mpu.o(i.mpu_init) refers to inv_mpu.o(i.mpu_set_gyro_fsr) for mpu_set_gyro_fsr
[...]
    mpu_get_compass_reg                      0x0800f551   Thumb Code   202  inv_mpu.o(i.mpu_get_compass_reg)
    mpu_get_fifo_config                      0x0800f621   Thumb Code    12  inv_mpu.o(i.mpu_get_fifo_config)
    mpu_get_gyro_fsr                         0x0800f631   Thumb Code    64  inv_mpu.o(i.mpu_get_gyro_fsr)
    mpu_get_lpf                              0x0800f675   Thumb Code    74  inv_mpu.o(i.mpu_get_lpf)
    mpu_get_sample_rate                      0x0800f6c5   Thumb Code    26  inv_mpu.o(i.mpu_get_sample_rate)
    mpu_get_temperature                      0x0800f6e5   Thumb Code   142  inv_mpu.o(i.mpu_get_temperature)
    mpu_init                                 0x0800f781   Thumb Code   258  inv_mpu.o(i.mpu_init)
    mpu_init_all                             0x0800f889   Thumb Code   308  mpu.o(i.mpu_init_all)
    mpu_load_firmware                        0x0800f9d1   Thumb Code   180  inv_mpu.o(i.mpu_load_firmware)
    mpu_lp_accel_mode                        0x0800fa89   Thumb Code   218  inv_mpu.o(i.mpu_lp_accel_mode)
    mpu_lp_motion_interrupt                  0x0800fb69   Thumb Code   230  inv_mpu.o(i.mpu_lp_motion_interrupt)
    mpu_read_fifo                            0x0800fc55   Thumb Code   500  inv_mpu.o(i.mpu_read_fifo)
    mpu_read_fifo_stream                     0x0800fe4d   Thumb Code   186  inv_mpu.o(i.mpu_read_fifo_stream)
    mpu_read_mem                             0x0800ff0d   Thumb Code   122  inv_mpu.o(i.mpu_read_mem)
    mpu_reset_fifo                           0x0800ff8d   Thumb Code   450  inv_mpu.o(i.mpu_reset_fifo)
    mpu_set_accel_fsr                        0x08010155   Thumb Code   126  inv_mpu.o(i.mpu_set_accel_fsr)
    mpu_set_bypass                           0x080101d9   Thumb Code   328  inv_mpu.o(i.mpu_set_bypass)
    mpu_set_compass_sample_rate              0x08010325   Thumb Code    92  inv_mpu.o(i.mpu_set_compass_sample_rate)
    mpu_set_dmp_state                        0x08010385   Thumb Code   138  inv_mpu.o(i.mpu_set_dmp_state)
    mpu_set_gyro_fsr                         0x08010415   Thumb Code   132  inv_mpu.o(i.mpu_set_gyro_fsr)
    mpu_set_int_latched                      0x0801049d   Thumb Code   102  inv_mpu.o(i.mpu_set_int_latched)
    mpu_set_lpf                              0x08010509   Thumb Code   126  inv_mpu.o(i.mpu_set_lpf)
    mpu_set_sample_rate                      0x0801058d   Thumb Code   174  inv_mpu.o(i.mpu_set_sample_rate)
    mpu_set_sensors                          0x08010641   Thumb Code   354  inv_mpu.o(i.mpu_set_sensors)
    mpu_write_mem                            0x080107a9   Thumb Code   122  inv_mpu.o(i.mpu_write_mem)
    new_Range                                0x08010829   Thumb Code    16  commont.o(i.new_Range)
    quick_sort                               0x08010839   Thumb Code   256  commont.o(i.quick_sort)
    read_from_mpl                            0x08010939   Thumb Code   446  mpu.o(i.read_from_mpl)
    set_sensor_orientation_and_scale         0x08010bf5   Thumb Code     6  data_builder.o(i.set_sensor_orientation_and_scale)
    sinf                                     0x08010e79   Thumb Code    16  sinf.o(i.sinf)
    sqrt                                     0x08010e89   Thumb Code   110  sqrt_full.o(i.sqrt)
    sqrtf                                    0x08010ef7   Thumb Code    62  sqrtf_full.o(i.sqrtf)
    stm32f4xx_delay_ms                       0x08010f35   Thumb Code    12  stm32f4xx_empl_drv.o(i.stm32f4xx_delay_ms)
    stm32f4xx_get_ms                         0x08010f41   Thumb Code    12  stm32f4xx_empl_drv.o(i.stm32f4xx_get_ms)
    stm32f4xx_i2c_read                       0x08010f4d   Thumb Code    68  stm32f4xx_empl_drv.o(i.stm32f4xx_i2c_read)
    stm32f4xx_i2c_write                      0x08010f95   Thumb Code    74  stm32f4xx_empl_drv.o(i.stm32f4xx_i2c_write)
    swap                                     0x08010fe9   Thumb Code    10  commont.o(i.swap)
    _get_lc_numeric                          0x08010ff5   Thumb Code    44  lc_numeric_c.o(locale$$code)
    _get_lc_ctype                            0x08011021   Thumb Code    44  lc_ctype_c.o(locale$$code)
    __aeabi_dneg                             0x0801104d   Thumb Code     0  basic.o(x$fpl$basic)
    _dneg                                    0x0801104d   Thumb Code     6  basic.o(x$fpl$basic)
    __aeabi_fneg                             0x08011053   Thumb Code     0  basic.o(x$fpl$basic)
    _fneg                                    0x08011053   Thumb Code     6  basic.o(x$fpl$basic)
    _dabs                                    0x08011059   Thumb Code     6  basic.o(x$fpl$basic)
    _fabs                                    0x0801105f   Thumb Code     6  basic.o(x$fpl$basic)
    __aeabi_d2f                              0x08011065   Thumb Code     0  d2f_clz.o(x$fpl$d2f)
    _d2f                                     0x08011065   Thumb Code   700  d2f_clz.o(x$fpl$d2f)
    __aeabi_dadd                             0x08011329   Thumb Code     0  daddsub_clz.o(x$fpl$dadd)
    _dadd                                    0x08011329   Thumb Code   580  daddsub_clz.o(x$fpl$dadd)
    __fpl_dcmp_Inf                           0x08011575   Thumb Code    24  dcmpi.o(x$fpl$dcmpinf)
    __aeabi_ddiv                             0x0801158d   Thumb Code     0  ddiv_clz.o(x$fpl$ddiv)
    _ddiv                                    0x0801158d   Thumb Code   748  ddiv_clz.o(x$fpl$ddiv)
    __aeabi_cdcmpeq                          0x08011909   Thumb Code     0  deqf.o(x$fpl$deqf)
    _dcmpeq                                  0x08011909   Thumb Code   116  deqf.o(x$fpl$deqf)
    __aeabi_d2iz                             0x0801197d   Thumb Code     0  dfix.o(x$fpl$dfix)
    _dfix                                    0x0801197d   Thumb Code   192  dfix.o(x$fpl$dfix)
    __aeabi_i2d                              0x08011a45   Thumb Code     0  dflt_clz.o(x$fpl$dflt)
    _dflt                                    0x08011a45   Thumb Code    46  dflt_clz.o(x$fpl$dflt)
    __dflt_normalise                         0x08011a73   Thumb Code    26  dflt_clz.o(x$fpl$dfltn)
    __aeabi_ui2d                             0x08011a8d   Thumb Code     0  dflt_clz.o(x$fpl$dfltu)
    _dfltu                                   0x08011a8d   Thumb Code    38  dflt_clz.o(x$fpl$dfltu)
    __aeabi_cdcmpge                          0x08011ab5   Thumb Code     0  dgeqf.o(x$fpl$dgeqf)
    _dcmpge                                  0x08011ab5   Thumb Code   120  dgeqf.o(x$fpl$dgeqf)
    __aeabi_cdcmple                          0x08011b2d   Thumb Code     0  dleqf.o(x$fpl$dleqf)
    _dcmple                                  0x08011b2d   Thumb Code   120  dleqf.o(x$fpl$dleqf)
    __fpl_dcmple_InfNaN                      0x08011b85   Thumb Code     0  dleqf.o(x$fpl$dleqf)
    __aeabi_dmul                             0x08011ba5   Thumb Code     0  dmul_clz.o(x$fpl$dmul)
    _dmul                                    0x08011ba5   Thumb Code   440  dmul_clz.o(x$fpl$dmul)
    __fpl_dnaninf                            0x08011d65   Thumb Code   258  dnaninf.o(x$fpl$dnaninf)
    __fpl_drenorm2                           0x08011e67   Thumb Code   106  drenorm_clz.o(x$fpl$drenorm)
    __fpl_drenorm1                           0x08011ed1   Thumb Code     6  drenorm_clz.o(x$fpl$drenorm)
    __fpl_dretinf                            0x08011ed7   Thumb Code    12  dretinf.o(x$fpl$dretinf)
    __aeabi_drsub                            0x08011ee5   Thumb Code     0  daddsub_clz.o(x$fpl$drsb)
    _drsb                                    0x08011ee5   Thumb Code    74  daddsub_clz.o(x$fpl$drsb)
    _dsqrt                                   0x08011f35   Thumb Code   520  dsqrt_umaalclz.o(x$fpl$dsqrt)
    __aeabi_dsub                             0x0801213d   Thumb Code     0  daddsub_clz.o(x$fpl$dsub)
    _dsub                                    0x0801213d   Thumb Code   664  daddsub_clz.o(x$fpl$dsub)
    __dunder                                 0x080123d9   Thumb Code   314  dunder_clz.o(x$fpl$dunder)
    __dunder_d                               0x08012513   Thumb Code    64  dunder_clz.o(x$fpl$dunder)
    __fpl_exception                          0x08012555   Thumb Code   454  except.o(x$fpl$exception)
    __aeabi_f2d                              0x08012741   Thumb Code     0  f2d.o(x$fpl$f2d)
    _f2d                                     0x08012741   Thumb Code   122  f2d.o(x$fpl$f2d)
    __aeabi_fadd                             0x080127bb   Thumb Code     0  faddsub_clz.o(x$fpl$fadd)
    _fadd                                    0x080127bb   Thumb Code    18  faddsub_clz.o(x$fpl$fadd)
    __aeabi_dcmpeq                           0x080127cd   Thumb Code     0  dcmp.o(x$fpl$fcmp)
    _deq                                     0x080127cd   Thumb Code    14  dcmp.o(x$fpl$fcmp)
    _dneq                                    0x080127db   Thumb Code    14  dcmp.o(x$fpl$fcmp)
    __aeabi_dcmpgt                           0x080127e9   Thumb Code     0  dcmp.o(x$fpl$fcmp)
    _dgr                                     0x080127e9   Thumb Code    14  dcmp.o(x$fpl$fcmp)
    __aeabi_dcmpge                           0x080127f7   Thumb Code     0  dcmp.o(x$fpl$fcmp)
    _dgeq                                    0x080127f7   Thumb Code    14  dcmp.o(x$fpl$fcmp)
    __aeabi_dcmple                           0x08012805   Thumb Code     0  dcmp.o(x$fpl$fcmp)
    _dleq                                    0x08012805   Thumb Code    14  dcmp.o(x$fpl$fcmp)
    __aeabi_dcmplt                           0x08012813   Thumb Code     0  dcmp.o(x$fpl$fcmp)
    _dls                                     0x08012813   Thumb Code    14  dcmp.o(x$fpl$fcmp)
    __aeabi_fcmpeq                           0x08012821   Thumb Code     0  fcmp.o(x$fpl$fcmp)
    _feq                                     0x08012821   Thumb Code    14  fcmp.o(x$fpl$fcmp)
    _fneq                                    0x0801282f   Thumb Code    14  fcmp.o(x$fpl$fcmp)
    __aeabi_fcmpgt                           0x0801283d   Thumb Code     0  fcmp.o(x$fpl$fcmp)
    _fgr                                     0x0801283d   Thumb Code    14  fcmp.o(x$fpl$fcmp)
    __aeabi_fcmpge                           0x0801284b   Thumb Code     0  fcmp.o(x$fpl$fcmp)
    _fgeq                                    0x0801284b   Thumb Code    14  fcmp.o(x$fpl$fcmp)
    __aeabi_fcmple                           0x08012859   Thumb Code     0  fcmp.o(x$fpl$fcmp)
    _fleq                                    0x08012859   Thumb Code    14  fcmp.o(x$fpl$fcmp)
    __aeabi_fcmplt                           0x08012867   Thumb Code     0  fcmp.o(x$fpl$fcmp)
    _fls                                     0x08012867   Thumb Code    14  fcmp.o(x$fpl$fcmp)
    __fpl_fcmp_Inf                           0x08012875   Thumb Code    24  fcmpi.o(x$fpl$fcmpinf)
    __aeabi_fdiv                             0x0801288d   Thumb Code     0  fdiv.o(x$fpl$fdiv)
    _fdiv                                    0x0801288d   Thumb Code    18  fdiv.o(x$fpl$fdiv)
    __aeabi_cfcmpeq                          0x080128a1   Thumb Code     0  feqf.o(x$fpl$feqf)
    _fcmpeq                                  0x080128a1   Thumb Code    52  feqf.o(x$fpl$feqf)
    __aeabi_f2iz                             0x080128d5   Thumb Code     0  ffix.o(x$fpl$ffix)
    _ffix                                    0x080128d5   Thumb Code    14  ffix.o(x$fpl$ffix)
    __aeabi_i2f                              0x080128e3   Thumb Code     0  fflt_clz.o(x$fpl$fflt)
    _fflt                                    0x080128e3   Thumb Code    14  fflt_clz.o(x$fpl$fflt)
    __aeabi_ul2f                             0x080128f1   Thumb Code     0  ffltll_clz.o(x$fpl$ffltll)
    _ll_uto_f                                0x080128f1   Thumb Code     6  ffltll_clz.o(x$fpl$ffltll)
    __aeabi_l2f                              0x080128f7   Thumb Code     0  ffltll_clz.o(x$fpl$ffltll)
    _ll_sto_f                                0x080128f7   Thumb Code   152  ffltll_clz.o(x$fpl$ffltll)
    __aeabi_ui2f                             0x0801298f   Thumb Code     0  fflt_clz.o(x$fpl$ffltu)
    _ffltu                                   0x0801298f   Thumb Code    14  fflt_clz.o(x$fpl$ffltu)
    _fcmpge                                  0x0801299d   Thumb Code    56  fgeqf.o(x$fpl$fgeqf)
    __aeabi_cfcmple                          0x080129d5   Thumb Code     0  fleqf.o(x$fpl$fleqf)
    _fcmple                                  0x080129d5   Thumb Code    56  fleqf.o(x$fpl$fleqf)
    __fpl_fcmple_InfNaN                      0x080129ed   Thumb Code     0  fleqf.o(x$fpl$fleqf)
    __aeabi_fmul                             0x08012a0d   Thumb Code     0  fmul.o(x$fpl$fmul)
    _fmul                                    0x08012a0d   Thumb Code    18  fmul.o(x$fpl$fmul)
    __fpl_fnaninf                            0x08012a1f   Thumb Code   242  fnaninf.o(x$fpl$fnaninf)
    _fp_init                                 0x08012b11   Thumb Code    10  fpinit.o(x$fpl$fpinit)
    __fplib_config_fpu_vfp                   0x08012b19   Thumb Code     0  fpinit.o(x$fpl$fpinit)
    __fplib_config_pureend_doubles           0x08012b19   Thumb Code     0  fpinit.o(x$fpl$fpinit)
    __fpl_fretinf                            0x08012b1b   Thumb Code    10  fretinf.o(x$fpl$fretinf)
    __aeabi_fsub                             0x08012b25   Thumb Code     0  faddsub_clz.o(x$fpl$fsub)
    _fsub                                    0x08012b25   Thumb Code    18  faddsub_clz.o(x$fpl$fsub)
    __funder                                 0x08012b37   Thumb Code   254  funder_clz.o(x$fpl$funder)
    __funder_d                               0x08012c35   Thumb Code    62  funder_clz.o(x$fpl$funder)
    __ieee_status                            0x08012c75   Thumb Code    28  istatus.o(x$fpl$ieeestatus)
    __aeabi_f2lz                             0x08012c95   Thumb Code     0  ffixll.o(x$fpl$llsfromf)
    _ll_sfrom_f                              0x08012c95   Thumb Code   172  ffixll.o(x$fpl$llsfromf)
    _printf_fp_dec                           0x08012d49   Thumb Code     4  printf1.o(x$fpl$printf1)
    _printf_fp_hex                           0x08012d4d   Thumb Code     4  printf2.o(x$fpl$printf2)
    __fpl_return_NaN                         0x08012d51   Thumb Code   178  retnan.o(x$fpl$retnan)
    _fp_trapveneer                           0x08012e03   Thumb Code    36  trapv.o(x$fpl$trapveneer)
    __fpl_cmpreturn                          0x08012e27   Thumb Code    90  trapv.o(x$fpl$trapveneer)
    __I$use$fp                               0x08012e80   Number         0  usenofp.o(x$fpl$usenofp)
    reg                                      0x08012e80   Data          42  inv_mpu.o(.constdata)
    hw                                       0x08012eaa   Data          14  inv_mpu.o(.constdata)
    test                                     0x08012eb8   Data          40  inv_mpu.o(.constdata)
    ml_ver                                   0x08013ad6   Data          20  mpl.o(.constdata)
    APBAHBPrescTable                         0x08013b0d   Data          16  stm32f4xx_hal_rcc.o(.constdata)
    __mathlib_zero                           0x08013bd0   Data           8  qnan.o(.constdata)
    Region$$Table$$Base                      0x08013e00   Number         0  anon$$obj.o(Region$$Table)
    Region$$Table$$Limit                     0x08013e20   Number         0  anon$$obj.o(Region$$Table)
    __ctype                                  0x08013e49   Data           0  lc_ctype_c.o(locale$$data)
    Timebase_500ms_even_flag                 0x2000003c   Data           2  stm32f4xx_it.o(.data)
    Timebase_300ms_even_flag                 0x2000003e   Data           2  stm32f4xx_it.o(.data)
    Timebase_50ms_even_flag                  0x20000040   Data           2  stm32f4xx_it.o(.data)
    Timebase_2000ms_even_flag                0x20000042   Data           2  stm32f4xx_it.o(.data)
    hal_timestamp                            0x20000044   Data           4  mpu.o(.data)
    rx_new                                   0x20000048   Data           1  mpu.o(.data)
    mpl_key                                  0x2000004c   Data           4  mpu.o(.data)
    timestamp                                0x20000050   Data           4  mpu.o(.data)
    new_temp                                 0x20000054   Data           1  mpu.o(.data)
    new_compass                              0x20000055   Data           1  mpu.o(.data)
    uwTick                                   0x20000070   Data           4  stm32f4xx_hal.o(.data)
    SystemCoreClock                          0x20000074   Data           4  system_stm32f4xx.o(.data)
    hadc1                                    0x2000074c   Data          72  main.o(.bss)
    hdma_adc1                                0x20000794   Data          96  main.o(.bss)
    hi2c1                                    0x200007f4   Data          84  main.o(.bss)
    htim4                                    0x20000848   Data          60  main.o(.bss)
    huart2                                   0x20000884   Data          64  main.o(.bss)
    hdma_usart2_rx                           0x200008c4   Data          96  main.o(.bss)
    hdma_usart2_tx                           0x20000924   Data          96  main.o(.bss)
    TxBuffer                                 0x20000984   Data          32  main.o(.bss)
    RxBuffer                                 0x200009a4   Data          32  main.o(.bss)
    hal                                      0x200009c4   Data          40  mpu.o(.bss)
    mag_disturb                              0x20000c14   Data         184  mag_disturb.o(.bss)
    __libspace_start                         0x200011f0   Data          96  libspace.o(.bss)
    __temporary_stack_top$libspace           0x20001250   Data           0  libspace.o(.bss)
    cb                                       0x20001850   Data         232  anon$$obj.o(cb)
    cb_sim                                   0x20001938   Data         232  anon$$obj.o(cb_sim)
    cb_test                                  0x20001a20   Data         232  anon$$obj.o(cb_test)
    fnm                                      0x20001b08   Data         608  anon$$obj.o(fnm)
    s9axis                                   0x20001d68   Data         312  anon$$obj.o(s9axis)
    vc                                       0x20001ea0   Data         424  anon$$obj.o(vc)



==============================================================================

Memory Map of the image

  Image Entry point : 0x08000189

  Load Region LR_IROM1 (Base: 0x08000000, Size: 0x00013fd0, Max: 0x00100000, ABSOLUTE)

    Execution Region ER_IROM1 (Base: 0x08000000, Size: 0x00013f4c, Max: 0x00100000, ABSOLUTE)

    Base Addr    Size         Type   Attr      Idx    E Section Name        Object

    0x08000000   0x00000188   Data   RO         4468    RESET               startup_stm32f407xx.o
    0x08000188   0x00000008   Code   RO         5558  * !!!main             c_wu.l(__main.o)
    0x08000190   0x00000034   Code   RO         6314    !!!scatter          c_wu.l(__scatter.o)
    0x080001c4   0x0000001a   Code   RO         6316    !!handler_copy      c_wu.l(__scatter_copy.o)
    0x080001de   0x00000002   PAD
    0x080001e0   0x0000001c   Code   RO         6318    !!handler_zi        c_wu.l(__scatter_zi.o)
    0x080001fc   0x00000000   Code   RO         5941    .ARM.Collect$$_printf_percent$$00000000  c_wu.l(_printf_percent.o)
    0x080001fc   0x00000006   Code   RO         5930    .ARM.Collect$$_printf_percent$$00000001  c_wu.l(_printf_n.o)
    0x08000202   0x00000006   Code   RO         5932    .ARM.Collect$$_printf_percent$$00000002  c_wu.l(_printf_p.o)
    0x08000208   0x00000006   Code   RO         5937    .ARM.Collect$$_printf_percent$$00000003  c_wu.l(_printf_f.o)
    0x0800020e   0x00000006   Code   RO         5938    .ARM.Collect$$_printf_percent$$00000004  c_wu.l(_printf_e.o)
    0x08000214   0x00000006   Code   RO         5939    .ARM.Collect$$_printf_percent$$00000005  c_wu.l(_printf_g.o)
    0x0800021a   0x00000006   Code   RO         5940    .ARM.Collect$$_printf_percent$$00000006  c_wu.l(_printf_a.o)
    0x08000220   0x0000000a   Code   RO         5945    .ARM.Collect$$_printf_percent$$00000007  c_wu.l(_printf_ll.o)
    0x0800022a   0x00000006   Code   RO         5934    .ARM.Collect$$_printf_percent$$00000008  c_wu.l(_printf_i.o)
    0x08000230   0x00000006   Code   RO         5935    .ARM.Collect$$_printf_percent$$00000009  c_wu.l(_printf_d.o)
    0x08000236   0x00000006   Code   RO         5936    .ARM.Collect$$_printf_percent$$0000000A  c_wu.l(_printf_u.o)
    0x0800023c   0x00000006   Code   RO         5933    .ARM.Collect$$_printf_percent$$0000000B  c_wu.l(_printf_o.o)
    0x08000242   0x00000006   Code   RO         5931    .ARM.Collect$$_printf_percent$$0000000C  c_wu.l(_printf_x.o)
    0x08000248   0x00000006   Code   RO         5942    .ARM.Collect$$_printf_percent$$0000000D  c_wu.l(_printf_lli.o)
    0x0800024e   0x00000006   Code   RO         5943    .ARM.Collect$$_printf_percent$$0000000E  c_wu.l(_printf_lld.o)
    0x08000254   0x00000006   Code   RO         5944    .ARM.Collect$$_printf_percent$$0000000F  c_wu.l(_printf_llu.o)
    0x0800025a   0x00000006   Code   RO         5949    .ARM.Collect$$_printf_percent$$00000010  c_wu.l(_printf_llo.o)
    0x08000260   0x00000006   Code   RO         5950    .ARM.Collect$$_printf_percent$$00000011  c_wu.l(_printf_llx.o)
    0x08000266   0x0000000a   Code   RO         5946    .ARM.Collect$$_printf_percent$$00000012  c_wu.l(_printf_l.o)
    0x08000270   0x00000006   Code   RO         5928    .ARM.Collect$$_printf_percent$$00000013  c_wu.l(_printf_c.o)
    0x08000276   0x00000006   Code   RO         5929    .ARM.Collect$$_printf_percent$$00000014  c_wu.l(_printf_s.o)
    0x0800027c   0x00000006   Code   RO         5947    .ARM.Collect$$_printf_percent$$00000015  c_wu.l(_printf_lc.o)
    0x08000282   0x00000006   Code   RO         5948    .ARM.Collect$$_printf_percent$$00000016  c_wu.l(_printf_ls.o)
    0x08000288   0x00000004   Code   RO         6153    .ARM.Collect$$_printf_percent$$00000017  c_wu.l(_printf_percent_end.o)
    0x0800028c   0x00000002   Code   RO         6240    .ARM.Collect$$libinit$$00000000  c_wu.l(libinit.o)
    0x0800028e   0x00000004   Code   RO         5957    .ARM.Collect$$libinit$$00000001  c_wu.l(libinit2.o)
    0x08000292   0x00000000   Code   RO         5960    .ARM.Collect$$libinit$$00000004  c_wu.l(libinit2.o)
    0x08000292   0x00000008   Code   RO         5961    .ARM.Collect$$libinit$$00000005  c_wu.l(libinit2.o)
    0x0800029a   0x00000000   Code   RO         5963    .ARM.Collect$$libinit$$0000000A  c_wu.l(libinit2.o)
    0x0800029a   0x00000000   Code   RO         5965    .ARM.Collect$$libinit$$0000000C  c_wu.l(libinit2.o)
    0x0800029a   0x00000000   Code   RO         5967    .ARM.Collect$$libinit$$0000000E  c_wu.l(libinit2.o)
    0x0800029a   0x00000006   Code   RO         5968    .ARM.Collect$$libinit$$0000000F  c_wu.l(libinit2.o)
    0x080002a0   0x00000000   Code   RO         5970    .ARM.Collect$$libinit$$00000011  c_wu.l(libinit2.o)
    0x080002a0   0x0000000c   Code   RO         5971    .ARM.Collect$$libinit$$00000012  c_wu.l(libinit2.o)
    0x080002ac   0x00000000   Code   RO         5972    .ARM.Collect$$libinit$$00000013  c_wu.l(libinit2.o)
    0x080002ac   0x00000000   Code   RO         5974    .ARM.Collect$$libinit$$00000015  c_wu.l(libinit2.o)
    0x080002ac   0x0000000a   Code   RO         5975    .ARM.Collect$$libinit$$00000016  c_wu.l(libinit2.o)
    0x080002b6   0x00000000   Code   RO         5976    .ARM.Collect$$libinit$$00000017  c_wu.l(libinit2.o)
    0x080002b6   0x00000000   Code   RO         5978    .ARM.Collect$$libinit$$00000019  c_wu.l(libinit2.o)
    0x080002b6   0x00000000   Code   RO         5980    .ARM.Collect$$libinit$$0000001B  c_wu.l(libinit2.o)
    0x080002b6   0x00000000   Code   RO         5982    .ARM.Collect$$libinit$$0000001D  c_wu.l(libinit2.o)
    0x080002b6   0x00000000   Code   RO         5984    .ARM.Collect$$libinit$$0000001F  c_wu.l(libinit2.o)
    0x080002b6   0x00000000   Code   RO         5986    .ARM.Collect$$libinit$$00000021  c_wu.l(libinit2.o)
    0x080002b6   0x00000000   Code   RO         5988    .ARM.Collect$$libinit$$00000023  c_wu.l(libinit2.o)
    0x080002b6   0x00000000   Code   RO         5990    .ARM.Collect$$libinit$$00000025  c_wu.l(libinit2.o)
    0x080002b6   0x00000000   Code   RO         5994    .ARM.Collect$$libinit$$0000002C  c_wu.l(libinit2.o)
    0x080002b6   0x00000000   Code   RO         5996    .ARM.Collect$$libinit$$0000002E  c_wu.l(libinit2.o)
    0x080002b6   0x00000000   Code   RO         5998    .ARM.Collect$$libinit$$00000030  c_wu.l(libinit2.o)
    0x080002b6   0x00000000   Code   RO         6000    .ARM.Collect$$libinit$$00000032  c_wu.l(libinit2.o)
    0x080002b6   0x00000002   Code   RO         6001    .ARM.Collect$$libinit$$00000033  c_wu.l(libinit2.o)
    0x080002b8   0x00000002   Code   RO         6305    .ARM.Collect$$libshutdown$$00000000  c_wu.l(libshutdown.o)
    0x080002ba   0x00000000   Code   RO         6263    .ARM.Collect$$libshutdown$$00000002  c_wu.l(libshutdown2.o)
    0x080002ba   0x00000000   Code   RO         6265    .ARM.Collect$$libshutdown$$00000004  c_wu.l(libshutdown2.o)
    0x080002ba   0x00000000   Code   RO         6268    .ARM.Collect$$libshutdown$$00000007  c_wu.l(libshutdown2.o)
    0x080002ba   0x00000000   Code   RO         6271    .ARM.Collect$$libshutdown$$0000000A  c_wu.l(libshutdown2.o)
    0x080002ba   0x00000000   Code   RO         6273    .ARM.Collect$$libshutdown$$0000000C  c_wu.l(libshutdown2.o)
    0x080002ba   0x00000000   Code   RO         6276    .ARM.Collect$$libshutdown$$0000000F  c_wu.l(libshutdown2.o)
    0x080002ba   0x00000002   Code   RO         6277    .ARM.Collect$$libshutdown$$00000010  c_wu.l(libshutdown2.o)
    0x080002bc   0x00000000   Code   RO         5830    .ARM.Collect$$rtentry$$00000000  c_wu.l(__rtentry.o)
    0x080002bc   0x00000000   Code   RO         6105    .ARM.Collect$$rtentry$$00000002  c_wu.l(__rtentry2.o)
    0x080002bc   0x00000006   Code   RO         6117    .ARM.Collect$$rtentry$$00000004  c_wu.l(__rtentry4.o)
    0x080002c2   0x00000000   Code   RO         6107    .ARM.Collect$$rtentry$$00000009  c_wu.l(__rtentry2.o)
    0x080002c2   0x00000004   Code   RO         6108    .ARM.Collect$$rtentry$$0000000A  c_wu.l(__rtentry2.o)
    0x080002c6   0x00000000   Code   RO         6110    .ARM.Collect$$rtentry$$0000000C  c_wu.l(__rtentry2.o)
    0x080002c6   0x00000008   Code   RO         6111    .ARM.Collect$$rtentry$$0000000D  c_wu.l(__rtentry2.o)
    0x080002ce   0x00000002   Code   RO         6245    .ARM.Collect$$rtexit$$00000000  c_wu.l(rtexit.o)
    0x080002d0   0x00000000   Code   RO         6281    .ARM.Collect$$rtexit$$00000002  c_wu.l(rtexit2.o)
    0x080002d0   0x00000004   Code   RO         6282    .ARM.Collect$$rtexit$$00000003  c_wu.l(rtexit2.o)
    0x080002d4   0x00000006   Code   RO         6283    .ARM.Collect$$rtexit$$00000004  c_wu.l(rtexit2.o)
    0x080002da   0x00000002   PAD
    0x080002dc   0x00000000   Code   RO         6130    .emb_text           c_wu.l(maybetermalloc1.o)
    0x080002dc   0x00000040   Code   RO         4469    .text               startup_stm32f407xx.o
    0x0800031c   0x00000004   PAD
    0x08000320   0x00002320   Code   RO         5390    .text               libmpllib.a(compass_vec_cal.o)
    0x08002640   0x00000d44   Code   RO         5401    .text               libmpllib.a(fast_no_motion.o)
    0x08003384   0x00000004   PAD
    0x08003388   0x000006e0   Code   RO         5412    .text               libmpllib.a(fusion_9axis.o)
    0x08003a68   0x000005e8   Code   RO         5423    .text               libmpllib.a(gyro_tc.o)
    0x08004050   0x00000638   Code   RO         5434    .text               libmpllib.a(mag_disturb.o)
    0x08004688   0x00000a78   Code   RO         5445    .text               libmpllib.a(quaternion_supervisor.o)
    0x08005100   0x00000db0   Code   RO         5457    .text               libmpllib.a(accel_auto_cal.o)
    0x08005eb0   0x0000005e   Code   RO         5474    .text               c_wu.l(h1_alloc.o)
    0x08005f0e   0x0000004e   Code   RO         5476    .text               c_wu.l(h1_free.o)
    0x08005f5c   0x00000048   Code   RO         5534    .text               c_wu.l(llsdiv.o)
    0x08005fa4   0x00000024   Code   RO         5536    .text               c_wu.l(vsprintf.o)
    0x08005fc8   0x00000058   Code   RO         5538    .text               c_wu.l(memcmp.o)
    0x08006020   0x0000008a   Code   RO         5540    .text               c_wu.l(rt_memcpy_v6.o)
    0x080060aa   0x00000008   Code   RO         5542    .text               c_wu.l(memcpy.o)
    0x080060b2   0x00000008   Code   RO         5544    .text               c_wu.l(memmove.o)
    0x080060ba   0x0000007a   Code   RO         5546    .text               c_wu.l(rt_memmove_w.o)
    0x08006134   0x00000016   Code   RO         5548    .text               c_wu.l(memset.o)
    0x0800614a   0x00000010   Code   RO         5550    .text               c_wu.l(aeabi_memset.o)
    0x0800615a   0x00000044   Code   RO         5552    .text               c_wu.l(rt_memclr.o)
    0x0800619e   0x0000004e   Code   RO         5554    .text               c_wu.l(rt_memclr_w.o)
    0x080061ec   0x00000006   Code   RO         5556    .text               c_wu.l(heapauxi.o)
    0x080061f2   0x00000002   PAD
    0x080061f4   0x00000008   Code   RO         5834    .text               c_wu.l(rt_heap_descriptor_intlibspace.o)
    0x080061fc   0x00000004   Code   RO         5836    .text               c_wu.l(hguard.o)
    0x08006200   0x0000008a   Code   RO         5838    .text               c_wu.l(init_alloc.o)
    0x0800628a   0x0000000e   Code   RO         5842    .text               c_wu.l(h1_init.o)
    0x08006298   0x000000ee   Code   RO         5856    .text               c_wu.l(lludivv7m.o)
    0x08006386   0x00000016   Code   RO         5858    .text               c_wu.l(_rserrno.o)
    0x0800639c   0x0000004e   Code   RO         5862    .text               c_wu.l(_printf_pad.o)
    0x080063ea   0x00000024   Code   RO         5864    .text               c_wu.l(_printf_truncate.o)
    0x0800640e   0x00000052   Code   RO         5866    .text               c_wu.l(_printf_str.o)
    0x08006460   0x00000078   Code   RO         5868    .text               c_wu.l(_printf_dec.o)
    0x080064d8   0x00000028   Code   RO         5870    .text               c_wu.l(_printf_charcount.o)
    0x08006500   0x00000030   Code   RO         5872    .text               c_wu.l(_printf_char_common.o)
    0x08006530   0x0000000a   Code   RO         5874    .text               c_wu.l(_sputc.o)
    0x0800653a   0x00000002   PAD
    0x0800653c   0x000000bc   Code   RO         5876    .text               c_wu.l(_printf_wctomb.o)
    0x080065f8   0x0000007c   Code   RO         5879    .text               c_wu.l(_printf_longlong_dec.o)
    0x08006674   0x00000070   Code   RO         5885    .text               c_wu.l(_printf_oct_int_ll.o)
    0x080066e4   0x00000094   Code   RO         5905    .text               c_wu.l(_printf_hex_int_ll_ptr.o)
    0x08006778   0x00000188   Code   RO         5925    .text               c_wu.l(__printf_flags_ss_wp.o)
    0x08006900   0x00000084   Code   RO         5951    .text               c_wu.l(rt_memmove_v6.o)
    0x08006984   0x00000064   Code   RO         5953    .text               c_wu.l(rt_memcpy_w.o)
    0x080069e8   0x00000008   Code   RO         6101    .text               c_wu.l(libspace.o)
    0x080069f0   0x00000008   Code   RO         6126    .text               c_wu.l(rt_errno_addr_intlibspace.o)
    0x080069f8   0x00000034   Code   RO         6132    .text               c_wu.l(h1_extend.o)
    0x08006a2c   0x0000008a   Code   RO         6136    .text               c_wu.l(lludiv10.o)
    0x08006ab6   0x00000002   PAD
    0x08006ab8   0x00000030   Code   RO         6138    .text               c_wu.l(_fptrap.o)
    0x08006ae8   0x000000b2   Code   RO         6140    .text               c_wu.l(_printf_intcommon.o)
    0x08006b9a   0x0000041a   Code   RO         6142    .text               c_wu.l(_printf_fp_dec.o)
    0x08006fb4   0x000002fc   Code   RO         6144    .text               c_wu.l(_printf_fp_hex.o)
    0x080072b0   0x0000002c   Code   RO         6149    .text               c_wu.l(_printf_char.o)
    0x080072dc   0x0000002c   Code   RO         6151    .text               c_wu.l(_printf_wchar.o)
    0x08007308   0x00000040   Code   RO         6154    .text               c_wu.l(_wcrtomb.o)
    0x08007348   0x0000000e   Code   RO         6156    .text               c_wu.l(defsig_rtmem_outer.o)
    0x08007356   0x00000002   Code   RO         6173    .text               c_wu.l(use_no_semi.o)
    0x08007358   0x00000000   Code   RO         6175    .text               c_wu.l(indicate_semi.o)
    0x08007358   0x0000004a   Code   RO         6176    .text               c_wu.l(sys_stackheap_outer.o)
    0x080073a2   0x00000002   PAD
    0x080073a4   0x00000010   Code   RO         6178    .text               c_wu.l(rt_ctype_table.o)
    0x080073b4   0x00000008   Code   RO         6187    .text               c_wu.l(rt_locale_intlibspace.o)
    0x080073bc   0x00000080   Code   RO         6191    .text               c_wu.l(_printf_fp_infnan.o)
    0x0800743c   0x000000dc   Code   RO         6193    .text               c_wu.l(bigflt0.o)
    0x08007518   0x00000012   Code   RO         6221    .text               c_wu.l(exit.o)
    0x0800752a   0x0000000a   Code   RO         6223    .text               c_wu.l(defsig_exit.o)
    0x08007534   0x0000000e   Code   RO         6225    .text               c_wu.l(defsig_fpe_outer.o)
    0x08007542   0x00000002   PAD
    0x08007544   0x00000050   Code   RO         6229    .text               c_wu.l(defsig_rtmem_inner.o)
    0x08007594   0x0000000c   Code   RO         6243    .text               c_wu.l(sys_exit.o)
    0x080075a0   0x00000032   Code   RO         6256    .text               c_wu.l(defsig_general.o)
    0x080075d2   0x00000002   PAD
    0x080075d4   0x000000ac   Code   RO         6258    .text               c_wu.l(defsig_fpe_inner.o)
    0x08007680   0x00000080   Code   RO         6260    .text               c_wu.l(strcmpv7m.o)
    0x08007700   0x0000000e   Code   RO         6278    .text               c_wu.l(sys_wrch.o)
    0x0800770e   0x0000003e   Code   RO         6196    CL$$btod_d2e        c_wu.l(btod.o)
    0x0800774c   0x00000046   Code   RO         6198    CL$$btod_d2e_denorm_low  c_wu.l(btod.o)
    0x08007792   0x00000060   Code   RO         6197    CL$$btod_d2e_norm_op1  c_wu.l(btod.o)
    0x080077f2   0x00000338   Code   RO         6206    CL$$btod_div_common  c_wu.l(btod.o)
    0x08007b2a   0x000000c6   Code   RO         6203    CL$$btod_e2e        c_wu.l(btod.o)
    0x08007bf0   0x00000028   Code   RO         6200    CL$$btod_ediv       c_wu.l(btod.o)
    0x08007c18   0x00000028   Code   RO         6199    CL$$btod_emul       c_wu.l(btod.o)
    0x08007c40   0x00000244   Code   RO         6205    CL$$btod_mult_common  c_wu.l(btod.o)
    0x08007e84   0x00000178   Code   RO         2736    i.ADC_Init          stm32f4xx_hal_adc.o
    0x08007ffc   0x00000004   Code   RO         2330    i.BusFault_Handler  stm32f4xx_it.o
    0x08008000   0x00000010   Code   RO         2331    i.DMA1_Stream5_IRQHandler  stm32f4xx_it.o
    0x08008010   0x00000010   Code   RO         2332    i.DMA1_Stream6_IRQHandler  stm32f4xx_it.o
    0x08008020   0x00000010   Code   RO         2333    i.DMA2_Stream0_IRQHandler  stm32f4xx_it.o
    0x08008030   0x00000034   Code   RO         3136    i.DMA_CalcBaseAndBitshift  stm32f4xx_hal_dma.o
    0x08008064   0x000000ba   Code   RO         3137    i.DMA_CheckFifoParam  stm32f4xx_hal_dma.o
    0x0800811e   0x0000002c   Code   RO         3138    i.DMA_SetConfig     stm32f4xx_hal_dma.o
    0x0800814a   0x00000002   Code   RO         2334    i.DebugMon_Handler  stm32f4xx_it.o
    0x0800814c   0x00000014   Code   RO         2335    i.EXTI4_IRQHandler  stm32f4xx_it.o
    0x08008160   0x00000004   Code   RO         2253    i.Error_Handler     main.o
    0x08008164   0x00000194   Code   RO         2738    i.HAL_ADC_ConfigChannel  stm32f4xx_hal_adc.o
    0x080082f8   0x00000008   Code   RO         2745    i.HAL_ADC_GetValue  stm32f4xx_hal_adc.o
    0x08008300   0x00000068   Code   RO         2747    i.HAL_ADC_Init      stm32f4xx_hal_adc.o
    0x08008368   0x00000098   Code   RO         4391    i.HAL_ADC_MspInit   stm32f4xx_hal_msp.o
    0x08008400   0x00000100   Code   RO         2753    i.HAL_ADC_Start     stm32f4xx_hal_adc.o
    0x08008500   0x00000028   Code   RO         3140    i.HAL_DMA_Abort_IT  stm32f4xx_hal_dma.o
    0x08008528   0x00000248   Code   RO         3144    i.HAL_DMA_IRQHandler  stm32f4xx_hal_dma.o
    0x08008770   0x000000e8   Code   RO         3145    i.HAL_DMA_Init      stm32f4xx_hal_dma.o
    0x08008858   0x0000009e   Code   RO         3149    i.HAL_DMA_Start_IT  stm32f4xx_hal_dma.o
    0x080088f6   0x0000001a   Code   RO         2589    i.HAL_Delay         stm32f4xx_hal.o
    0x08008910   0x00000002   Code   RO         3284    i.HAL_GPIO_EXTI_Callback  stm32f4xx_hal_gpio.o
    0x08008912   0x00000002   PAD
    0x08008914   0x0000001c   Code   RO         3285    i.HAL_GPIO_EXTI_IRQHandler  stm32f4xx_hal_gpio.o
    0x08008930   0x0000020c   Code   RO         3286    i.HAL_GPIO_Init     stm32f4xx_hal_gpio.o
    0x08008b3c   0x0000000c   Code   RO         2595    i.HAL_GetTick       stm32f4xx_hal.o
    0x08008b48   0x00000128   Code   RO         3360    i.HAL_I2C_Init      stm32f4xx_hal_i2c.o
    0x08008c70   0x0000028c   Code   RO         3366    i.HAL_I2C_Master_Receive  stm32f4xx_hal_i2c.o
    0x08008efc   0x0000015c   Code   RO         3371    i.HAL_I2C_Master_Transmit  stm32f4xx_hal_i2c.o
    0x08009058   0x0000005c   Code   RO         4393    i.HAL_I2C_MspInit   stm32f4xx_hal_msp.o
    0x080090b4   0x00000010   Code   RO         2596    i.HAL_IncTick       stm32f4xx_hal.o
    0x080090c4   0x0000003c   Code   RO         2597    i.HAL_Init          stm32f4xx_hal.o
    0x08009100   0x00000028   Code   RO         2598    i.HAL_InitTick      stm32f4xx_hal.o
    0x08009128   0x00000056   Code   RO         4394    i.HAL_MspInit       stm32f4xx_hal_msp.o
    0x0800917e   0x00000020   Code   RO         3011    i.HAL_NVIC_EnableIRQ  stm32f4xx_hal_cortex.o
    0x0800919e   0x0000007c   Code   RO         3017    i.HAL_NVIC_SetPriority  stm32f4xx_hal_cortex.o
    0x0800921a   0x00000002   PAD
    0x0800921c   0x00000028   Code   RO         3018    i.HAL_NVIC_SetPriorityGrouping  stm32f4xx_hal_cortex.o
    0x08009244   0x000001d0   Code   RO         3957    i.HAL_RCC_ClockConfig  stm32f4xx_hal_rcc.o
    0x08009414   0x0000000c   Code   RO         3962    i.HAL_RCC_GetHCLKFreq  stm32f4xx_hal_rcc.o
    0x08009420   0x0000002c   Code   RO         3964    i.HAL_RCC_GetPCLK1Freq  stm32f4xx_hal_rcc.o
    0x0800944c   0x0000002c   Code   RO         3965    i.HAL_RCC_GetPCLK2Freq  stm32f4xx_hal_rcc.o
    0x08009478   0x000000b4   Code   RO         3966    i.HAL_RCC_GetSysClockFreq  stm32f4xx_hal_rcc.o
    0x0800952c   0x0000039c   Code   RO         3969    i.HAL_RCC_OscConfig  stm32f4xx_hal_rcc.o
    0x080098c8   0x00000028   Code   RO         3020    i.HAL_SYSTICK_CLKSourceConfig  stm32f4xx_hal_cortex.o
    0x080098f0   0x00000002   Code   RO         3021    i.HAL_SYSTICK_Callback  stm32f4xx_hal_cortex.o
    0x080098f2   0x00000034   Code   RO         3022    i.HAL_SYSTICK_Config  stm32f4xx_hal_cortex.o
    0x08009926   0x00000008   Code   RO         3023    i.HAL_SYSTICK_IRQHandler  stm32f4xx_hal_cortex.o
    0x0800992e   0x00000062   Code   RO         5171    i.HAL_TIMEx_MasterConfigSynchronization  stm32f4xx_hal_tim_ex.o
    0x08009990   0x00000038   Code   RO         4395    i.HAL_TIM_MspPostInit  stm32f4xx_hal_msp.o
    0x080099c8   0x00000108   Code   RO         4581    i.HAL_TIM_PWM_ConfigChannel  stm32f4xx_hal_tim.o
    0x08009ad0   0x00000034   Code   RO         4584    i.HAL_TIM_PWM_Init  stm32f4xx_hal_tim.o
    0x08009b04   0x00000034   Code   RO         4397    i.HAL_TIM_PWM_MspInit  stm32f4xx_hal_msp.o
    0x08009b38   0x00000002   Code   RO         4145    i.HAL_UART_ErrorCallback  stm32f4xx_hal_uart.o
    0x08009b3a   0x00000002   PAD
    0x08009b3c   0x00000148   Code   RO         4148    i.HAL_UART_IRQHandler  stm32f4xx_hal_uart.o
    0x08009c84   0x00000072   Code   RO         4149    i.HAL_UART_Init     stm32f4xx_hal_uart.o
    0x08009cf6   0x00000002   PAD
    0x08009cf8   0x000000f0   Code   RO         4399    i.HAL_UART_MspInit  stm32f4xx_hal_msp.o
    0x08009de8   0x00000002   Code   RO         4155    i.HAL_UART_RxCpltCallback  stm32f4xx_hal_uart.o
    0x08009dea   0x00000002   PAD
    0x08009dec   0x0000009c   Code   RO         4158    i.HAL_UART_Transmit_DMA  stm32f4xx_hal_uart.o
    0x08009e88   0x00000002   Code   RO         4160    i.HAL_UART_TxCpltCallback  stm32f4xx_hal_uart.o
    0x08009e8a   0x00000002   Code   RO         4161    i.HAL_UART_TxHalfCpltCallback  stm32f4xx_hal_uart.o
    0x08009e8c   0x00000004   Code   RO         2336    i.HardFault_Handler  stm32f4xx_it.o
    0x08009e90   0x00000034   Code   RO         3398    i.I2C_IsAcknowledgeFailed  stm32f4xx_hal_i2c.o
    0x08009ec4   0x0000013c   Code   RO         3401    i.I2C_MasterRequestRead  stm32f4xx_hal_i2c.o
    0x0800a000   0x000000c0   Code   RO         3402    i.I2C_MasterRequestWrite  stm32f4xx_hal_i2c.o
    0x0800a0c0   0x00000056   Code   RO         3417    i.I2C_WaitOnBTFFlagUntilTimeout  stm32f4xx_hal_i2c.o
    0x0800a116   0x00000078   Code   RO         3418    i.I2C_WaitOnFlagUntilTimeout  stm32f4xx_hal_i2c.o
    0x0800a18e   0x000000ac   Code   RO         3419    i.I2C_WaitOnMasterAddressFlagUntilTimeout  stm32f4xx_hal_i2c.o
    0x0800a23a   0x0000006e   Code   RO         3420    i.I2C_WaitOnRXNEFlagUntilTimeout  stm32f4xx_hal_i2c.o
    0x0800a2a8   0x00000056   Code   RO         3422    i.I2C_WaitOnTXEFlagUntilTimeout  stm32f4xx_hal_i2c.o
    0x0800a2fe   0x00000002   PAD
    0x0800a300   0x00000058   Code   RO         2254    i.MX_ADC1_Init      main.o
    0x0800a358   0x00000078   Code   RO         2255    i.MX_DMA_Init       main.o
    0x0800a3d0   0x00000094   Code   RO         2256    i.MX_GPIO_Init      main.o
    0x0800a464   0x00000040   Code   RO         2257    i.MX_I2C1_Init      main.o
    0x0800a4a4   0x00000094   Code   RO         2258    i.MX_TIM4_Init      main.o
    0x0800a538   0x00000038   Code   RO         2259    i.MX_USART2_UART_Init  main.o
    0x0800a570   0x00000004   Code   RO         2337    i.MemManage_Handler  stm32f4xx_it.o
    0x0800a574   0x00000240   Code   RO         2439    i.Mpu_data_refresh  mpu.o
    0x0800a7b4   0x00000002   Code   RO         2338    i.NMI_Handler       stm32f4xx_it.o
    0x0800a7b6   0x00000002   Code   RO         2339    i.PendSV_Handler    stm32f4xx_it.o
    0x0800a7b8   0x00000002   Code   RO         2340    i.SVC_Handler       stm32f4xx_it.o
    0x0800a7ba   0x00000002   PAD
    0x0800a7bc   0x0000007c   Code   RO         2341    i.SysTick_Handler   stm32f4xx_it.o
    0x0800a838   0x000000c8   Code   RO         2260    i.SystemClock_Config  main.o
    0x0800a900   0x00000064   Code   RO         4477    i.SystemInit        system_stm32f4xx.o
    0x0800a964   0x000000e4   Code   RO         4599    i.TIM_Base_SetConfig  stm32f4xx_hal_tim.o
    0x0800aa48   0x00000070   Code   RO         4608    i.TIM_OC1_SetConfig  stm32f4xx_hal_tim.o
    0x0800aab8   0x00000078   Code   RO         4609    i.TIM_OC2_SetConfig  stm32f4xx_hal_tim.o
    0x0800ab30   0x00000078   Code   RO         4610    i.TIM_OC3_SetConfig  stm32f4xx_hal_tim.o
    0x0800aba8   0x00000060   Code   RO         4611    i.TIM_OC4_SetConfig  stm32f4xx_hal_tim.o
    0x0800ac08   0x00000014   Code   RO         4162    i.UART_DMAAbortOnError  stm32f4xx_hal_uart.o
    0x0800ac1c   0x00000050   Code   RO         4163    i.UART_DMAError     stm32f4xx_hal_uart.o
    0x0800ac6c   0x00000036   Code   RO         4166    i.UART_DMATransmitCplt  stm32f4xx_hal_uart.o
    0x0800aca2   0x0000000e   Code   RO         4167    i.UART_DMATxHalfCplt  stm32f4xx_hal_uart.o
    0x0800acb0   0x00000020   Code   RO         4168    i.UART_EndRxTransfer  stm32f4xx_hal_uart.o
    0x0800acd0   0x00000020   Code   RO         4169    i.UART_EndTransmit_IT  stm32f4xx_hal_uart.o
    0x0800acf0   0x00000014   Code   RO         4170    i.UART_EndTxTransfer  stm32f4xx_hal_uart.o
    0x0800ad04   0x0000009a   Code   RO         4171    i.UART_Receive_IT   stm32f4xx_hal_uart.o
    0x0800ad9e   0x00000002   PAD
    0x0800ada0   0x00000368   Code   RO         4172    i.UART_SetConfig    stm32f4xx_hal_uart.o
    0x0800b108   0x00000068   Code   RO         4173    i.UART_Transmit_IT  stm32f4xx_hal_uart.o
    0x0800b170   0x00000010   Code   RO         2342    i.USART2_IRQHandler  stm32f4xx_it.o
    0x0800b180   0x00000004   Code   RO         2343    i.UsageFault_Handler  stm32f4xx_it.o
    0x0800b184   0x00000098   Code   RO         2507    i.Voltage           useradc.o
    0x0800b21c   0x000000b4   Code   RO          760    i._MLPrintLog       log_stm32.o
    0x0800b2d0   0x00000030   Code   RO         6064    i.__ARM_fpclassify  m_wm.l(fpclassify.o)
    0x0800b300   0x00000026   Code   RO         6066    i.__ARM_fpclassifyf  m_wm.l(fpclassifyf.o)
    0x0800b326   0x00000002   PAD
    0x0800b328   0x00000010   Code   RO         3024    i.__NVIC_GetPriorityGrouping  stm32f4xx_hal_cortex.o
    0x0800b338   0x00000028   Code   RO         3025    i.__NVIC_SetPriority  stm32f4xx_hal_cortex.o
    0x0800b360   0x00000118   Code   RO         5634    i.__hardfp_acosf    m_wm.l(acosf.o)
    0x0800b478   0x00000250   Code   RO         5698    i.__hardfp_atan2f   m_wm.l(atan2f.o)
    0x0800b6c8   0x000000c8   Code   RO         5716    i.__hardfp_cos      m_wm.l(cos.o)
    0x0800b790   0x00000150   Code   RO         5728    i.__hardfp_cosf     m_wm.l(cosf.o)
    0x0800b8e0   0x000003c4   Code   RO         5752    i.__hardfp_log      m_wm.l(log.o)
    0x0800bca4   0x00000190   Code   RO         5792    i.__hardfp_sinf     m_wm.l(sinf.o)
    0x0800be34   0x0000003a   Code   RO         5810    i.__hardfp_sqrtf    m_wm.l(sqrtf_full.o)
    0x0800be6e   0x00000002   PAD
    0x0800be70   0x00000438   Code   RO         6085    i.__ieee754_rem_pio2  m_wm.l(rred.o)
    0x0800c2a8   0x00000170   Code   RO         6047    i.__kernel_cos      m_wm.l(cos_i.o)
    0x0800c418   0x000000f8   Code   RO         6082    i.__kernel_poly     m_wm.l(poly.o)
    0x0800c510   0x00000130   Code   RO         6093    i.__kernel_sin      m_wm.l(sin_i.o)
    0x0800c640   0x00000030   Code   RO         6050    i.__mathlib_dbl_divzero  m_wm.l(dunder.o)
    0x0800c670   0x00000014   Code   RO         6051    i.__mathlib_dbl_infnan  m_wm.l(dunder.o)
    0x0800c684   0x00000004   PAD
    0x0800c688   0x00000020   Code   RO         6053    i.__mathlib_dbl_invalid  m_wm.l(dunder.o)
    0x0800c6a8   0x00000020   Code   RO         6056    i.__mathlib_dbl_underflow  m_wm.l(dunder.o)
    0x0800c6c8   0x00000006   Code   RO         6069    i.__mathlib_flt_infnan  m_wm.l(funder.o)
    0x0800c6ce   0x00000006   Code   RO         6070    i.__mathlib_flt_infnan2  m_wm.l(funder.o)
    0x0800c6d4   0x00000010   Code   RO         6071    i.__mathlib_flt_invalid  m_wm.l(funder.o)
    0x0800c6e4   0x00000010   Code   RO         6074    i.__mathlib_flt_underflow  m_wm.l(funder.o)
    0x0800c6f4   0x00000154   Code   RO         6090    i.__mathlib_rredf2  m_wm.l(rredf.o)
    0x0800c848   0x00000034   Code   RO         1902    i.__print_result_location  mpl.o
    0x0800c87c   0x0000000e   Code   RO         5918    i._is_digit         c_wu.l(__printf_wp.o)
    0x0800c88a   0x00000010   Code   RO         5636    i.acosf             m_wm.l(acosf.o)
    0x0800c89a   0x00000010   Code   RO         5718    i.cos               m_wm.l(cos.o)
    0x0800c8aa   0x00000010   Code   RO         5730    i.cosf              m_wm.l(cosf.o)
    0x0800c8ba   0x00000002   PAD
    0x0800c8bc   0x00000064   Code   RO          563    i.decode_gesture    inv_mpu_dmp_motion_driver.o
    0x0800c920   0x0000003c   Code   RO          564    i.dmp_enable_6x_lp_quat  inv_mpu_dmp_motion_driver.o
    0x0800c95c   0x0000021c   Code   RO          565    i.dmp_enable_feature  inv_mpu_dmp_motion_driver.o
    0x0800cb78   0x00000058   Code   RO          566    i.dmp_enable_gyro_cal  inv_mpu_dmp_motion_driver.o
    0x0800cbd0   0x0000003c   Code   RO          567    i.dmp_enable_lp_quat  inv_mpu_dmp_motion_driver.o
    0x0800cc0c   0x00000042   Code   RO          570    i.dmp_get_pedometer_step_count  inv_mpu_dmp_motion_driver.o
    0x0800cc4e   0x00000048   Code   RO          571    i.dmp_get_pedometer_walk_time  inv_mpu_dmp_motion_driver.o
    0x0800cc96   0x00000002   PAD
    0x0800cc98   0x00000018   Code   RO          572    i.dmp_load_motion_driver_firmware  inv_mpu_dmp_motion_driver.o
    0x0800ccb0   0x000001cc   Code   RO          573    i.dmp_read_fifo     inv_mpu_dmp_motion_driver.o
    0x0800ce7c   0x00000070   Code   RO          577    i.dmp_set_fifo_rate  inv_mpu_dmp_motion_driver.o
    0x0800ceec   0x00000138   Code   RO          580    i.dmp_set_orientation  inv_mpu_dmp_motion_driver.o
    0x0800d024   0x00000038   Code   RO          583    i.dmp_set_shake_reject_thresh  inv_mpu_dmp_motion_driver.o
    0x0800d05c   0x00000026   Code   RO          584    i.dmp_set_shake_reject_time  inv_mpu_dmp_motion_driver.o
    0x0800d082   0x00000026   Code   RO          585    i.dmp_set_shake_reject_timeout  inv_mpu_dmp_motion_driver.o
    0x0800d0a8   0x00000046   Code   RO          586    i.dmp_set_tap_axes  inv_mpu_dmp_motion_driver.o
    0x0800d0ee   0x00000026   Code   RO          587    i.dmp_set_tap_count  inv_mpu_dmp_motion_driver.o
    0x0800d114   0x000001c0   Code   RO          588    i.dmp_set_tap_thresh  inv_mpu_dmp_motion_driver.o
    0x0800d2d4   0x00000026   Code   RO          589    i.dmp_set_tap_time  inv_mpu_dmp_motion_driver.o
    0x0800d2fa   0x00000026   Code   RO          590    i.dmp_set_tap_time_multi  inv_mpu_dmp_motion_driver.o
    0x0800d320   0x00000188   Code   RO          761    i.eMPL_send_data    log_stm32.o
    0x0800d4a8   0x00000090   Code   RO          762    i.eMPL_send_quat    log_stm32.o
    0x0800d538   0x00000018   Code   RO         5742    i.fabs              m_wm.l(fabs.o)
    0x0800d550   0x0000000c   Code   RO          947    i.inv_accel_was_turned_off  data_builder.o
    0x0800d55c   0x0000006a   Code   RO          948    i.inv_apply_calibration  data_builder.o
    0x0800d5c6   0x00000002   PAD
    0x0800d5c8   0x0000008c   Code   RO          949    i.inv_build_accel   data_builder.o
    0x0800d654   0x000000b0   Code   RO          950    i.inv_build_compass  data_builder.o
    0x0800d704   0x00000038   Code   RO          951    i.inv_build_gyro    data_builder.o
    0x0800d73c   0x00000040   Code   RO          952    i.inv_build_quat    data_builder.o
    0x0800d77c   0x0000002c   Code   RO          953    i.inv_build_temp    data_builder.o
    0x0800d7a8   0x000000b0   Code   RO         1545    i.inv_compass_angle  ml_math_func.o
    0x0800d858   0x00000010   Code   RO          954    i.inv_compass_was_turned_off  data_builder.o
    0x0800d868   0x00000072   Code   RO         1547    i.inv_convert_to_body_with_scale  ml_math_func.o
    0x0800d8da   0x00000002   PAD
    0x0800d8dc   0x00000050   Code   RO          955    i.inv_db_load_func  data_builder.o
    0x0800d92c   0x00000018   Code   RO          956    i.inv_db_save_func  data_builder.o
    0x0800d944   0x00000010   Code   RO          957    i.inv_disable_compass_soft_iron_matrix  data_builder.o
    0x0800d954   0x0000001c   Code   RO          860    i.inv_enable_eMPL_outputs  empl_outputs.o
    0x0800d970   0x00000020   Code   RO         1940    i.inv_enable_results_holder  results_holder.o
    0x0800d990   0x0000002c   Code   RO         2175    i.inv_execute_mpl_start_notification  start_manager.o
    0x0800d9bc   0x000000a0   Code   RO          959    i.inv_execute_on_data  data_builder.o
    0x0800da5c   0x000000f0   Code   RO          861    i.inv_generate_eMPL_outputs  empl_outputs.o
    0x0800db4c   0x00000010   Code   RO         1941    i.inv_generate_results  results_holder.o
    0x0800db5c   0x00000018   Code   RO         1942    i.inv_get_6axis_quaternion  results_holder.o
    0x0800db74   0x0000000c   Code   RO         1943    i.inv_get_acc_state  results_holder.o
    0x0800db80   0x0000000c   Code   RO          960    i.inv_get_accel_accuracy  data_builder.o
    0x0800db8c   0x00000010   Code   RO          962    i.inv_get_accel_on  data_builder.o
    0x0800db9c   0x0000002c   Code   RO          966    i.inv_get_accel_set  data_builder.o
    0x0800dbc8   0x00000018   Code   RO          967    i.inv_get_compass_bias  data_builder.o
    0x0800dbe0   0x00000018   Code   RO         1947    i.inv_get_compass_correction  results_holder.o
    0x0800dbf8   0x00000010   Code   RO          969    i.inv_get_compass_on  data_builder.o
    0x0800dc08   0x00000044   Code   RO          972    i.inv_get_compass_set  data_builder.o
    0x0800dc4c   0x0000001c   Code   RO          976    i.inv_get_compass_soft_iron_output_data  data_builder.o
    0x0800dc68   0x0000000c   Code   RO         1948    i.inv_get_compass_state  results_holder.o
    0x0800dc74   0x00000060   Code   RO         1949    i.inv_get_gravity   results_holder.o
    0x0800dcd4   0x00000010   Code   RO          977    i.inv_get_gyro      data_builder.o
    0x0800dce4   0x0000000c   Code   RO          978    i.inv_get_gyro_accuracy  data_builder.o
    0x0800dcf0   0x00000024   Code   RO          979    i.inv_get_gyro_bias  data_builder.o
    0x0800dd14   0x00000020   Code   RO          980    i.inv_get_gyro_bias_tc_set  data_builder.o
    0x0800dd34   0x00000010   Code   RO          981    i.inv_get_gyro_on   data_builder.o
    0x0800dd44   0x00000028   Code   RO          985    i.inv_get_gyro_set  data_builder.o
    0x0800dd6c   0x0000001c   Code   RO         1551    i.inv_get_gyro_sum_of_sqr  ml_math_func.o
    0x0800dd88   0x0000000c   Code   RO         1952    i.inv_get_large_mag_field  results_holder.o
    0x0800dd94   0x00000068   Code   RO          987    i.inv_get_last_timestamp  data_builder.o
    0x0800ddfc   0x0000003c   Code   RO         1953    i.inv_get_linear_accel  results_holder.o
    0x0800de38   0x00000044   Code   RO         1954    i.inv_get_linear_accel_float  results_holder.o
    0x0800de7c   0x00000010   Code   RO         1955    i.inv_get_local_field  results_holder.o
    0x0800de8c   0x0000001c   Code   RO          988    i.inv_get_mag_accuracy  data_builder.o
    0x0800dea8   0x00000014   Code   RO         1519    i.inv_get_message_level_0  message_layer.o
    0x0800debc   0x00000014   Code   RO         1957    i.inv_get_motion_state  results_holder.o
    0x0800ded0   0x0000003c   Code   RO         1958    i.inv_get_quaternion  results_holder.o
    0x0800df0c   0x00000044   Code   RO         1960    i.inv_get_quaternion_set  results_holder.o
    0x0800df50   0x00000028   Code   RO          862    i.inv_get_sensor_type_accel  empl_outputs.o
    0x0800df78   0x00000028   Code   RO          863    i.inv_get_sensor_type_compass  empl_outputs.o
    0x0800dfa0   0x00000268   Code   RO          864    i.inv_get_sensor_type_euler  empl_outputs.o
    0x0800e208   0x00000090   Code   RO         1412    i.inv_get_sensor_type_gravity  hal_outputs.o
    0x0800e298   0x00000028   Code   RO          865    i.inv_get_sensor_type_gyro  empl_outputs.o
    0x0800e2c0   0x000000c8   Code   RO          866    i.inv_get_sensor_type_heading  empl_outputs.o
    0x0800e388   0x00000084   Code   RO         1415    i.inv_get_sensor_type_linear_acceleration  hal_outputs.o
    0x0800e40c   0x00000024   Code   RO          867    i.inv_get_sensor_type_quat  empl_outputs.o
    0x0800e430   0x00000028   Code   RO          868    i.inv_get_sensor_type_rot_mat  empl_outputs.o
    0x0800e458   0x0000000c   Code   RO         1962    i.inv_got_compass_bias  results_holder.o
    0x0800e464   0x0000000c   Code   RO          990    i.inv_gyro_was_turned_off  data_builder.o
    0x0800e470   0x0000003c   Code   RO          991    i.inv_init_data_builder  data_builder.o
    0x0800e4ac   0x00000014   Code   RO          869    i.inv_init_eMPL_outputs  empl_outputs.o
    0x0800e4c0   0x00000090   Code   RO         1904    i.inv_init_mpl      mpl.o
    0x0800e550   0x0000003c   Code   RO         1963    i.inv_init_results_holder  results_holder.o
    0x0800e58c   0x00000014   Code   RO         2176    i.inv_init_start_manager  start_manager.o
    0x0800e5a0   0x00000018   Code   RO         2209    i.inv_init_storage_manager  storage_manager.o
    0x0800e5b8   0x00000028   Code   RO         1560    i.inv_orientation_matrix_to_scalar  ml_math_func.o
    0x0800e5e0   0x00000012   Code   RO         1561    i.inv_q29_mult      ml_math_func.o
    0x0800e5f2   0x00000012   Code   RO         1563    i.inv_q30_mult      ml_math_func.o
    0x0800e604   0x00000018   Code   RO         1565    i.inv_q30_to_float  ml_math_func.o
    0x0800e61c   0x00000024   Code   RO         1566    i.inv_q_add         ml_math_func.o
    0x0800e640   0x00000042   Code   RO         1567    i.inv_q_addf        ml_math_func.o
    0x0800e682   0x00000018   Code   RO         1568    i.inv_q_invert      ml_math_func.o
    0x0800e69a   0x0000002e   Code   RO         1569    i.inv_q_invertf     ml_math_func.o
    0x0800e6c8   0x000000b2   Code   RO         1570    i.inv_q_mult        ml_math_func.o
    0x0800e77a   0x000000d2   Code   RO         1571    i.inv_q_multf       ml_math_func.o
    0x0800e84c   0x000000a8   Code   RO         1572    i.inv_q_norm4       ml_math_func.o
    0x0800e8f4   0x00000134   Code   RO         1574    i.inv_q_normalizef  ml_math_func.o
    0x0800ea28   0x00000042   Code   RO         1575    i.inv_q_rotate      ml_math_func.o
    0x0800ea6a   0x00000002   PAD
    0x0800ea6c   0x00000010   Code   RO          993    i.inv_quaternion_sensor_was_turned_off  data_builder.o
    0x0800ea7c   0x000000da   Code   RO         1577    i.inv_quaternion_to_rotation  ml_math_func.o
    0x0800eb56   0x00000002   PAD
    0x0800eb58   0x000000f8   Code   RO          994    i.inv_register_data_cb  data_builder.o
    0x0800ec50   0x00000090   Code   RO         2211    i.inv_register_load_store  storage_manager.o
    0x0800ece0   0x0000002c   Code   RO         2177    i.inv_register_mpl_start_notification  start_manager.o
    0x0800ed0c   0x00000058   Code   RO          995    i.inv_reset_compass_soft_iron_matrix  data_builder.o
    0x0800ed64   0x0000004e   Code   RO         1579    i.inv_row_2_scale   ml_math_func.o
    0x0800edb2   0x00000002   PAD
    0x0800edb4   0x00000024   Code   RO          996    i.inv_set_accel_accuracy  data_builder.o
    0x0800edd8   0x0000000c   Code   RO         1966    i.inv_set_accel_bias_found  results_holder.o
    0x0800ede4   0x00000060   Code   RO          999    i.inv_set_accel_bias_mask  data_builder.o
    0x0800ee44   0x00000018   Code   RO         1000    i.inv_set_accel_orientation_and_scale  data_builder.o
    0x0800ee5c   0x0000002c   Code   RO         1001    i.inv_set_accel_sample_rate  data_builder.o
    0x0800ee88   0x0000004c   Code   RO         1003    i.inv_set_compass_bias  data_builder.o
    0x0800eed4   0x00000014   Code   RO         1967    i.inv_set_compass_bias_error  results_holder.o
    0x0800eee8   0x0000000c   Code   RO         1968    i.inv_set_compass_bias_found  results_holder.o
    0x0800eef4   0x00000024   Code   RO         1969    i.inv_set_compass_correction  results_holder.o
    0x0800ef18   0x0000000c   Code   RO         1004    i.inv_set_compass_disturbance  data_builder.o
    0x0800ef24   0x00000018   Code   RO         1005    i.inv_set_compass_orientation_and_scale  data_builder.o
    0x0800ef3c   0x00000030   Code   RO         1006    i.inv_set_compass_sample_rate  data_builder.o
    0x0800ef6c   0x00000054   Code   RO         1007    i.inv_set_compass_soft_iron_input_data  data_builder.o
    0x0800efc0   0x0000000c   Code   RO         1970    i.inv_set_compass_state  results_holder.o
    0x0800efcc   0x00000120   Code   RO         1010    i.inv_set_contiguous  data_builder.o
    0x0800f0ec   0x00000074   Code   RO         1012    i.inv_set_gyro_bias  data_builder.o
    0x0800f160   0x00000018   Code   RO         1013    i.inv_set_gyro_orientation_and_scale  data_builder.o
    0x0800f178   0x00000028   Code   RO         1014    i.inv_set_gyro_sample_rate  data_builder.o
    0x0800f1a0   0x0000001c   Code   RO         1520    i.inv_set_message   message_layer.o
    0x0800f1bc   0x00000050   Code   RO         1975    i.inv_set_motion_state  results_holder.o
    0x0800f20c   0x0000001c   Code   RO         1015    i.inv_set_quat_sample_rate  data_builder.o
    0x0800f228   0x00000014   Code   RO          870    i.inv_start_eMPL_outputs  empl_outputs.o
    0x0800f23c   0x0000004c   Code   RO         1905    i.inv_start_mpl     mpl.o
    0x0800f288   0x00000018   Code   RO         1976    i.inv_start_results_holder  results_holder.o
    0x0800f2a0   0x00000024   Code   RO         1977    i.inv_store_gaming_quaternion  results_holder.o
    0x0800f2c4   0x00000064   Code   RO         1017    i.inv_unregister_data_cb  data_builder.o
    0x0800f328   0x00000060   Code   RO         2178    i.inv_unregister_mpl_start_notification  start_manager.o
    0x0800f388   0x00000010   Code   RO         5754    i.log               m_wm.l(log.o)
    0x0800f398   0x000000a8   Code   RO         2261    i.main              main.o
    0x0800f440   0x0000003e   Code   RO         1584    i.mlMatrixVectorMult  ml_math_func.o
    0x0800f47e   0x00000002   PAD
    0x0800f480   0x00000070   Code   RO            9    i.mpu_configure_fifo  inv_mpu.o
    0x0800f4f0   0x0000004c   Code   RO           10    i.mpu_get_accel_fsr  inv_mpu.o
    0x0800f53c   0x00000014   Code   RO           13    i.mpu_get_compass_fsr  inv_mpu.o
    0x0800f550   0x000000d0   Code   RO           14    i.mpu_get_compass_reg  inv_mpu.o
    0x0800f620   0x00000010   Code   RO           17    i.mpu_get_fifo_config  inv_mpu.o
    0x0800f630   0x00000044   Code   RO           18    i.mpu_get_gyro_fsr  inv_mpu.o
    0x0800f674   0x00000050   Code   RO           22    i.mpu_get_lpf       inv_mpu.o
    0x0800f6c4   0x00000020   Code   RO           24    i.mpu_get_sample_rate  inv_mpu.o
    0x0800f6e4   0x0000009c   Code   RO           25    i.mpu_get_temperature  inv_mpu.o
    0x0800f780   0x00000108   Code   RO           26    i.mpu_init          inv_mpu.o
    0x0800f888   0x00000148   Code   RO         2441    i.mpu_init_all      mpu.o
    0x0800f9d0   0x000000b8   Code   RO           27    i.mpu_load_firmware  inv_mpu.o
    0x0800fa88   0x000000e0   Code   RO           28    i.mpu_lp_accel_mode  inv_mpu.o
    0x0800fb68   0x000000ec   Code   RO           29    i.mpu_lp_motion_interrupt  inv_mpu.o
    0x0800fc54   0x000001f8   Code   RO           33    i.mpu_read_fifo     inv_mpu.o
    0x0800fe4c   0x000000c0   Code   RO           34    i.mpu_read_fifo_stream  inv_mpu.o
    0x0800ff0c   0x00000080   Code   RO           35    i.mpu_read_mem      inv_mpu.o
    0x0800ff8c   0x000001c8   Code   RO           38    i.mpu_reset_fifo    inv_mpu.o
    0x08010154   0x00000084   Code   RO           42    i.mpu_set_accel_fsr  inv_mpu.o
    0x080101d8   0x0000014c   Code   RO           43    i.mpu_set_bypass    inv_mpu.o
    0x08010324   0x00000060   Code   RO           44    i.mpu_set_compass_sample_rate  inv_mpu.o
    0x08010384   0x00000090   Code   RO           45    i.mpu_set_dmp_state  inv_mpu.o
    0x08010414   0x00000088   Code   RO           47    i.mpu_set_gyro_fsr  inv_mpu.o
    0x0801049c   0x0000006c   Code   RO           48    i.mpu_set_int_latched  inv_mpu.o
    0x08010508   0x00000084   Code   RO           50    i.mpu_set_lpf       inv_mpu.o
    0x0801058c   0x000000b4   Code   RO           51    i.mpu_set_sample_rate  inv_mpu.o
    0x08010640   0x00000168   Code   RO           52    i.mpu_set_sensors   inv_mpu.o
    0x080107a8   0x00000080   Code   RO           53    i.mpu_write_mem     inv_mpu.o
    0x08010828   0x00000010   Code   RO         2537    i.new_Range         commont.o
    0x08010838   0x00000100   Code   RO         2538    i.quick_sort        commont.o
    0x08010938   0x0000022c   Code   RO         2442    i.read_from_mpl     mpu.o
    0x08010b64   0x00000090   Code   RO           54    i.set_int_enable    inv_mpu.o
    0x08010bf4   0x00000006   Code   RO         1018    i.set_sensor_orientation_and_scale  data_builder.o
    0x08010bfa   0x00000002   PAD
    0x08010bfc   0x0000027c   Code   RO           55    i.setup_compass     inv_mpu.o
    0x08010e78   0x00000010   Code   RO         5794    i.sinf              m_wm.l(sinf.o)
    0x08010e88   0x0000006e   Code   RO         5806    i.sqrt              m_wm.l(sqrt_full.o)
    0x08010ef6   0x0000003e   Code   RO         5812    i.sqrtf             m_wm.l(sqrtf_full.o)
    0x08010f34   0x0000000c   Code   RO          803    i.stm32f4xx_delay_ms  stm32f4xx_empl_drv.o
    0x08010f40   0x0000000c   Code   RO          804    i.stm32f4xx_get_ms  stm32f4xx_empl_drv.o
    0x08010f4c   0x00000048   Code   RO          805    i.stm32f4xx_i2c_read  stm32f4xx_empl_drv.o
    0x08010f94   0x00000054   Code   RO          806    i.stm32f4xx_i2c_write  stm32f4xx_empl_drv.o
    0x08010fe8   0x0000000a   Code   RO         2539    i.swap              commont.o
    0x08010ff2   0x00000002   PAD
    0x08010ff4   0x0000002c   Code   RO         6219    locale$$code        c_wu.l(lc_numeric_c.o)
    0x08011020   0x0000002c   Code   RO         6252    locale$$code        c_wu.l(lc_ctype_c.o)
    0x0801104c   0x00000018   Code   RO         6002    x$fpl$basic         g_wm.l(basic.o)
    0x08011064   0x000002c4   Code   RO         5560    x$fpl$d2f           g_wm.l(d2f_clz.o)
    0x08011328   0x0000024c   Code   RO         5562    x$fpl$dadd          g_wm.l(daddsub_clz.o)
    0x08011574   0x00000018   Code   RO         6004    x$fpl$dcmpinf       g_wm.l(dcmpi.o)
    0x0801158c   0x0000037c   Code   RO         5571    x$fpl$ddiv          g_wm.l(ddiv_clz.o)
    0x08011908   0x00000074   Code   RO         6006    x$fpl$deqf          g_wm.l(deqf.o)
    0x0801197c   0x000000c8   Code   RO         5574    x$fpl$dfix          g_wm.l(dfix.o)
    0x08011a44   0x0000002e   Code   RO         5579    x$fpl$dflt          g_wm.l(dflt_clz.o)
    0x08011a72   0x0000001a   Code   RO         5580    x$fpl$dfltn         g_wm.l(dflt_clz.o)
    0x08011a8c   0x00000026   Code   RO         5578    x$fpl$dfltu         g_wm.l(dflt_clz.o)
    0x08011ab2   0x00000002   PAD
    0x08011ab4   0x00000078   Code   RO         6008    x$fpl$dgeqf         g_wm.l(dgeqf.o)
    0x08011b2c   0x00000078   Code   RO         5584    x$fpl$dleqf         g_wm.l(dleqf.o)
    0x08011ba4   0x000001c0   Code   RO         5586    x$fpl$dmul          g_wm.l(dmul_clz.o)
    0x08011d64   0x00000102   Code   RO         6010    x$fpl$dnaninf       g_wm.l(dnaninf.o)
    0x08011e66   0x00000070   Code   RO         6012    x$fpl$drenorm       g_wm.l(drenorm_clz.o)
    0x08011ed6   0x0000000c   Code   RO         6014    x$fpl$dretinf       g_wm.l(dretinf.o)
    0x08011ee2   0x00000002   PAD
    0x08011ee4   0x00000050   Code   RO         5563    x$fpl$drsb          g_wm.l(daddsub_clz.o)
    0x08011f34   0x00000208   Code   RO         6016    x$fpl$dsqrt         g_wm.l(dsqrt_umaalclz.o)
    0x0801213c   0x0000029c   Code   RO         5564    x$fpl$dsub          g_wm.l(daddsub_clz.o)
    0x080123d8   0x0000017a   Code   RO         6018    x$fpl$dunder        g_wm.l(dunder_clz.o)
    0x08012552   0x00000002   PAD
    0x08012554   0x000001ec   Code   RO         6020    x$fpl$exception     g_wm.l(except.o)
    0x08012740   0x0000007a   Code   RO         5590    x$fpl$f2d           g_wm.l(f2d.o)
    0x080127ba   0x00000012   Code   RO         5592    x$fpl$fadd          g_wm.l(faddsub_clz.o)
    0x080127cc   0x00000054   Code   RO         5568    x$fpl$fcmp          g_wm.l(dcmp.o)
    0x08012820   0x00000054   Code   RO         5598    x$fpl$fcmp          g_wm.l(fcmp.o)
    0x08012874   0x00000018   Code   RO         6167    x$fpl$fcmpinf       g_wm.l(fcmpi.o)
    0x0801288c   0x00000012   Code   RO         5600    x$fpl$fdiv          g_wm.l(fdiv.o)
    0x0801289e   0x00000002   PAD
    0x080128a0   0x00000034   Code   RO         6022    x$fpl$feqf          g_wm.l(feqf.o)
    0x080128d4   0x0000000e   Code   RO         5604    x$fpl$ffix          g_wm.l(ffix.o)
    0x080128e2   0x0000000e   Code   RO         5613    x$fpl$fflt          g_wm.l(fflt_clz.o)
    0x080128f0   0x0000009e   Code   RO         5616    x$fpl$ffltll        g_wm.l(ffltll_clz.o)
    0x0801298e   0x0000000e   Code   RO         5612    x$fpl$ffltu         g_wm.l(fflt_clz.o)
    0x0801299c   0x00000038   Code   RO         6024    x$fpl$fgeqf         g_wm.l(fgeqf.o)
    0x080129d4   0x00000038   Code   RO         6026    x$fpl$fleqf         g_wm.l(fleqf.o)
    0x08012a0c   0x00000012   Code   RO         5618    x$fpl$fmul          g_wm.l(fmul.o)
    0x08012a1e   0x000000f2   Code   RO         6028    x$fpl$fnaninf       g_wm.l(fnaninf.o)
    0x08012b10   0x0000000a   Code   RO         6169    x$fpl$fpinit        g_wm.l(fpinit.o)
    0x08012b1a   0x0000000a   Code   RO         6030    x$fpl$fretinf       g_wm.l(fretinf.o)
    0x08012b24   0x00000012   Code   RO         5593    x$fpl$fsub          g_wm.l(faddsub_clz.o)
    0x08012b36   0x0000013c   Code   RO         6032    x$fpl$funder        g_wm.l(funder_clz.o)
    0x08012c72   0x00000002   PAD
    0x08012c74   0x00000020   Code   RO         6241    x$fpl$ieeestatus    g_wm.l(istatus.o)
    0x08012c94   0x000000b4   Code   RO         5608    x$fpl$llsfromf      g_wm.l(ffixll.o)
    0x08012d48   0x00000004   Code   RO         6034    x$fpl$printf1       g_wm.l(printf1.o)
    0x08012d4c   0x00000004   Code   RO         6036    x$fpl$printf2       g_wm.l(printf2.o)
    0x08012d50   0x000000b2   Code   RO         6171    x$fpl$retnan        g_wm.l(retnan.o)
    0x08012e02   0x0000007e   Code   RO         6044    x$fpl$trapveneer    g_wm.l(trapv.o)
    0x08012e80   0x00000000   Code   RO         6046    x$fpl$usenofp       g_wm.l(usenofp.o)
    0x08012e80   0x00000060   Data   RO           56    .constdata          inv_mpu.o
    0x08012ee0   0x00000bf6   Data   RO          592    .constdata          inv_mpu_dmp_motion_driver.o
    0x08013ad6   0x0000002f   Data   RO         1906    .constdata          mpl.o
    0x08013b05   0x00000008   Data   RO         3151    .constdata          stm32f4xx_hal_dma.o
    0x08013b0d   0x00000010   Data   RO         3970    .constdata          stm32f4xx_hal_rcc.o
    0x08013b1d   0x00000003   PAD
    0x08013b20   0x00000038   Data   RO         5755    .constdata          m_wm.l(log.o)
    0x08013b58   0x00000008   Data   RO         5877    .constdata          c_wu.l(_printf_wctomb.o)
    0x08013b60   0x00000028   Data   RO         5906    .constdata          c_wu.l(_printf_hex_int_ll_ptr.o)
    0x08013b88   0x00000011   Data   RO         5926    .constdata          c_wu.l(__printf_flags_ss_wp.o)
    0x08013b99   0x00000007   PAD
    0x08013ba0   0x00000030   Data   RO         6048    .constdata          m_wm.l(cos_i.o)
    0x08013bd0   0x00000008   Data   RO         6084    .constdata          m_wm.l(qnan.o)
    0x08013bd8   0x000000c8   Data   RO         6087    .constdata          m_wm.l(rred.o)
    0x08013ca0   0x00000020   Data   RO         6091    .constdata          m_wm.l(rredf.o)
    0x08013cc0   0x00000028   Data   RO         6094    .constdata          m_wm.l(sin_i.o)
    0x08013ce8   0x00000026   Data   RO         6145    .constdata          c_wu.l(_printf_fp_hex.o)
    0x08013d0e   0x00000002   PAD
    0x08013d10   0x00000094   Data   RO         6194    .constdata          c_wu.l(bigflt0.o)
    0x08013da4   0x00000044   Data   RO         1020    .conststring        data_builder.o
    0x08013de8   0x00000009   Data   RO         2447    .conststring        mpu.o
    0x08013df1   0x00000003   PAD
    0x08013df4   0x00000009   Data   RO         5448    .rodata.str1.4      libmpllib.a(quaternion_supervisor.o)
    0x08013dfd   0x00000003   PAD
    0x08013e00   0x00000020   Data   RO         6312    Region$$Table       anon$$obj.o
    0x08013e20   0x0000001c   Data   RO         6218    locale$$data        c_wu.l(lc_numeric_c.o)
    0x08013e3c   0x00000110   Data   RO         6251    locale$$data        c_wu.l(lc_ctype_c.o)


    Execution Region RW_IRAM1 (Base: 0x20000000, Size: 0x00002048, Max: 0x00020000, ABSOLUTE)

    Base Addr    Size         Type   Attr      Idx    E Section Name        Object

    0x20000000   0x00000038   Data   RW           57    .data               inv_mpu.o
    0x20000038   0x00000004   Data   RW         1521    .data               message_layer.o
    0x2000003c   0x00000008   Data   RW         2344    .data               stm32f4xx_it.o
    0x20000044   0x00000024   Data   RW         2448    .data               mpu.o
    0x20000068   0x00000008   Data   RW         2509    .data               useradc.o
    0x20000070   0x00000004   Data   RW         2603    .data               stm32f4xx_hal.o
    0x20000074   0x00000004   Data   RW         4479    .data               system_stm32f4xx.o
    0x20000078   0x0000000c   Data   RW         5391    .data               libmpllib.a(compass_vec_cal.o)
    0x20000084   0x00000010   Zero   RW          591    .bss                inv_mpu_dmp_motion_driver.o
    0x20000094   0x00000080   Zero   RW          809    .bss                stm32f4xx_empl_drv.o
    0x20000114   0x00000028   Zero   RW          872    .bss                empl_outputs.o
    0x2000013c   0x000002d8   Zero   RW         1019    .bss                data_builder.o
    0x20000414   0x000000c4   Zero   RW         1422    .bss                hal_outputs.o
    0x200004d8   0x00000088   Zero   RW         1978    .bss                results_holder.o
    0x20000560   0x00000054   Zero   RW         2179    .bss                start_manager.o
    0x200005b4   0x00000198   Zero   RW         2213    .bss                storage_manager.o
    0x2000074c   0x00000278   Zero   RW         2262    .bss                main.o
    0x200009c4   0x00000028   Zero   RW         2446    .bss                mpu.o
    0x200009ec   0x00000020   Zero   RW         2508    .bss                useradc.o
    0x20000a0c   0x00000004   PAD
    0x20000a10   0x00000040   Zero   RW         5403    .bss                libmpllib.a(fast_no_motion.o)
    0x20000a50   0x000001c4   Zero   RW         5425    .bss                libmpllib.a(gyro_tc.o)
    0x20000c14   0x000000b8   Zero   RW         5436    .bss                libmpllib.a(mag_disturb.o)
    0x20000ccc   0x0000006c   Zero   RW         5447    .bss                libmpllib.a(quaternion_supervisor.o)
    0x20000d38   0x000004b8   Zero   RW         5459    .bss                libmpllib.a(accel_auto_cal.o)
    0x200011f0   0x00000060   Zero   RW         6102    .bss                c_wu.l(libspace.o)
    0x20001250   0x00000200   Zero   RW         4467    HEAP                startup_stm32f407xx.o
    0x20001450   0x00000400   Zero   RW         4466    STACK               startup_stm32f407xx.o
    0x20001850   0x000000e8   Zero   RW         6309    cb                  anon$$obj.o
    0x20001938   0x000000e8   Zero   RW         6308    cb_sim              anon$$obj.o
    0x20001a20   0x000000e8   Zero   RW         6307    cb_test             anon$$obj.o
    0x20001b08   0x00000260   Zero   RW         6310    fnm                 anon$$obj.o
    0x20001d68   0x00000138   Zero   RW         6311    s9axis              anon$$obj.o
    0x20001ea0   0x000001a8   Zero   RW         6306    vc                  anon$$obj.o


==============================================================================

Image component sizes


      Code (inc. data)   RO Data    RW Data    ZI Data      Debug   Object Name

       282          0          0          0          0       2420   commont.o
      2856        336         68          0        728      33870   data_builder.o
      1320         90          0          0         40       9538   empl_outputs.o
       276         18          0          0        196       4020   hal_outputs.o
      5484        194         96         56          0     372288   inv_mpu.o
      2658        124       3062          0         16      21230   inv_mpu_dmp_motion_driver.o
       716         36          0          0          0       3620   log_stm32.o
       996         86          0          0        632       6697   main.o
        48          8          0          4          0       1844   message_layer.o
      1878         24          0          0          0      14321   ml_math_func.o
       272        100         47          0          0       2588   mpl.o
      1460        146          9         36         40       6016   mpu.o
       824        128          0          0        136      15925   results_holder.o
       204         20          0          0         84       3360   start_manager.o
        64         26        392          0       1536        864   startup_stm32f407xx.o
       180         14          0          0        128       3591   stm32f4xx_empl_drv.o
       154         20          0          4          0       4471   stm32f4xx_hal.o
      1148         54          0          0          0       4350   stm32f4xx_hal_adc.o
       354         22          0          0          0      34129   stm32f4xx_hal_cortex.o
      1296         20          8          0          0       6570   stm32f4xx_hal_dma.o
       554         52          0          0          0       3164   stm32f4xx_hal_gpio.o
      2430         44          0          0          0      11718   stm32f4xx_hal_i2c.o
       678         80          0          0          0       5235   stm32f4xx_hal_msp.o
      1668         70         16          0          0       5999   stm32f4xx_hal_rcc.o
       992         80          0          0          0       6048   stm32f4xx_hal_tim.o
        98          0          0          0          0       1284   stm32f4xx_hal_tim_ex.o
      1988         26          0          0          0      12377   stm32f4xx_hal_uart.o
       232         46          0          8          0       8177   stm32f4xx_it.o
       168         10          0          0        408       2493   storage_manager.o
       100         18          0          4          0       1229   system_stm32f4xx.o
       152         30          0          8         32        674   useradc.o

    ----------------------------------------------------------------------
     31568       1926       3736        120       6020     610110   Object Totals
         0          0         32          0       2040          0   (incl. Generated)
        38          4          6          0          4          0   (incl. Padding)

    ----------------------------------------------------------------------

      Code (inc. data)   RO Data    RW Data    ZI Data      Debug   Library Member Name

         8          0          0          0          0         68   __main.o
       392          4         17          0          0         92   __printf_flags_ss_wp.o
        14          0          0          0          0         68   __printf_wp.o
         0          0          0          0          0          0   __rtentry.o
        12          0          0          0          0          0   __rtentry2.o
         6          0          0          0          0          0   __rtentry4.o
        52          8          0          0          0          0   __scatter.o
        26          0          0          0          0          0   __scatter_copy.o
        28          0          0          0          0          0   __scatter_zi.o
        48          4          0          0          0         84   _fptrap.o
         6          0          0          0          0          0   _printf_a.o
         6          0          0          0          0          0   _printf_c.o
        44          0          0          0          0        108   _printf_char.o
        48          6          0          0          0         96   _printf_char_common.o
        40          0          0          0          0         68   _printf_charcount.o
         6          0          0          0          0          0   _printf_d.o
       120         16          0          0          0         92   _printf_dec.o
         6          0          0          0          0          0   _printf_e.o
         6          0          0          0          0          0   _printf_f.o
      1050          0          0          0          0        216   _printf_fp_dec.o
       764          8         38          0          0        100   _printf_fp_hex.o
       128         16          0          0          0         84   _printf_fp_infnan.o
         6          0          0          0          0          0   _printf_g.o
       148          4         40          0          0        160   _printf_hex_int_ll_ptr.o
         6          0          0          0          0          0   _printf_i.o
       178          0          0          0          0         88   _printf_intcommon.o
        10          0          0          0          0          0   _printf_l.o
         6          0          0          0          0          0   _printf_lc.o
        10          0          0          0          0          0   _printf_ll.o
         6          0          0          0          0          0   _printf_lld.o
         6          0          0          0          0          0   _printf_lli.o
         6          0          0          0          0          0   _printf_llo.o
         6          0          0          0          0          0   _printf_llu.o
         6          0          0          0          0          0   _printf_llx.o
       124         16          0          0          0         92   _printf_longlong_dec.o
         6          0          0          0          0          0   _printf_ls.o
         6          0          0          0          0          0   _printf_n.o
         6          0          0          0          0          0   _printf_o.o
       112          8          0          0          0        124   _printf_oct_int_ll.o
         6          0          0          0          0          0   _printf_p.o
        78          0          0          0          0        108   _printf_pad.o
         0          0          0          0          0          0   _printf_percent.o
         4          0          0          0          0          0   _printf_percent_end.o
         6          0          0          0          0          0   _printf_s.o
        82          0          0          0          0         80   _printf_str.o
        36          0          0          0          0         84   _printf_truncate.o
         6          0          0          0          0          0   _printf_u.o
        44          0          0          0          0        108   _printf_wchar.o
       188          6          8          0          0         92   _printf_wctomb.o
         6          0          0          0          0          0   _printf_x.o
        22          0          0          0          0        100   _rserrno.o
        10          0          0          0          0         68   _sputc.o
        64          0          0          0          0         92   _wcrtomb.o
        16          0          0          0          0         68   aeabi_memset.o
       220          4        148          0          0         96   bigflt0.o
      1910        128          0          0          0        672   btod.o
        10          0          0          0          0         68   defsig_exit.o
       172        110          0          0          0         76   defsig_fpe_inner.o
        14          0          0          0          0         80   defsig_fpe_outer.o
        50          0          0          0          0         88   defsig_general.o
        80         58          0          0          0         76   defsig_rtmem_inner.o
        14          0          0          0          0         80   defsig_rtmem_outer.o
        18          0          0          0          0         80   exit.o
        94          0          0          0          0         80   h1_alloc.o
        52          0          0          0          0         68   h1_extend.o
        78          0          0          0          0         80   h1_free.o
        14          0          0          0          0         84   h1_init.o
         6          0          0          0          0        152   heapauxi.o
         4          0          0          0          0        136   hguard.o
         0          0          0          0          0          0   indicate_semi.o
       138          0          0          0          0        168   init_alloc.o
        44         10        272          0          0         76   lc_ctype_c.o
        44         10         28          0          0         76   lc_numeric_c.o
         2          0          0          0          0          0   libinit.o
        42          0          0          0          0          0   libinit2.o
         2          0          0          0          0          0   libshutdown.o
         2          0          0          0          0          0   libshutdown2.o
         8          4          0          0         96         68   libspace.o
        72          0          0          0          0         76   llsdiv.o
       138          0          0          0          0         80   lludiv10.o
       238          0          0          0          0        100   lludivv7m.o
         0          0          0          0          0          0   maybetermalloc1.o
        88          0          0          0          0         76   memcmp.o
         8          0          0          0          0         76   memcpy.o
         8          0          0          0          0         76   memmove.o
        22          0          0          0          0         76   memset.o
        16          4          0          0          0         76   rt_ctype_table.o
         8          4          0          0          0         68   rt_errno_addr_intlibspace.o
         8          4          0          0          0         68   rt_heap_descriptor_intlibspace.o
         8          4          0          0          0         68   rt_locale_intlibspace.o
        68          0          0          0          0         68   rt_memclr.o
        78          0          0          0          0         80   rt_memclr_w.o
       138          0          0          0          0         68   rt_memcpy_v6.o
       100          0          0          0          0         80   rt_memcpy_w.o
       132          0          0          0          0         68   rt_memmove_v6.o
       122          0          0          0          0         80   rt_memmove_w.o
         2          0          0          0          0          0   rtexit.o
        10          0          0          0          0          0   rtexit2.o
       128          0          0          0          0         68   strcmpv7m.o
        12          4          0          0          0         68   sys_exit.o
        74          0          0          0          0         80   sys_stackheap_outer.o
        14          0          0          0          0         76   sys_wrch.o
         2          0          0          0          0         68   use_no_semi.o
        36          4          0          0          0         76   vsprintf.o
        24          0          0          0          0        164   basic.o
       708         16          0          0          0        140   d2f_clz.o
      1336         32          0          0          0        532   daddsub_clz.o
        84          0          0          0          0        244   dcmp.o
        24          0          0          0          0        116   dcmpi.o
       892        152          0          0          0        292   ddiv_clz.o
       116          8          0          0          0        140   deqf.o
       200         16          0          0          0        184   dfix.o
       110          0          0          0          0        348   dflt_clz.o
       120          8          0          0          0        140   dgeqf.o
       120          8          0          0          0        140   dleqf.o
       448         16          0          0          0        164   dmul_clz.o
       258          4          0          0          0        156   dnaninf.o
       112          0          0          0          0        160   drenorm_clz.o
        12          0          0          0          0        116   dretinf.o
       520         56          0          0          0        180   dsqrt_umaalclz.o
       378          0          0          0          0        168   dunder_clz.o
       492         36          0          0          0        148   except.o
       122          8          0          0          0        132   f2d.o
        36          0          0          0          0        232   faddsub_clz.o
        84          0          0          0          0        244   fcmp.o
        24          0          0          0          0        116   fcmpi.o
        18          0          0          0          0        116   fdiv.o
        52          8          0          0          0        132   feqf.o
        14          0          0          0          0        116   ffix.o
       180         16          0          0          0        132   ffixll.o
        28          0          0          0          0        232   fflt_clz.o
       158          0          0          0          0        132   ffltll_clz.o
        56          8          0          0          0        132   fgeqf.o
        56          8          0          0          0        132   fleqf.o
        18          0          0          0          0        116   fmul.o
       242          4          0          0          0        144   fnaninf.o
        10          0          0          0          0        116   fpinit.o
        10          0          0          0          0        116   fretinf.o
       316          0          0          0          0        132   funder_clz.o
        32          4          0          0          0        116   istatus.o
         4          0          0          0          0        116   printf1.o
         4          0          0          0          0        116   printf2.o
       178          0          0          0          0        116   retnan.o
       126          0          0          0          0        148   trapv.o
         0          0          0          0          0          0   usenofp.o
      3504        232          0          0       1208      15072   accel_auto_cal.o
      8992        288          0         12          0      18829   compass_vec_cal.o
      3396        170          0          0         64      17298   fast_no_motion.o
      1760        136          0          0          0       9901   fusion_9axis.o
      1512         80          0          0        452       8464   gyro_tc.o
      1592        116          0          0        184      10094   mag_disturb.o
      2680        160          9          0        108      11005   quaternion_supervisor.o
       296         46          0          0          0        300   acosf.o
       592         90          0          0          0        184   atan2f.o
       216         20          0          0          0        288   cos.o
       368         46         48          0          0        200   cos_i.o
       352         56          0          0          0        260   cosf.o
       132         36          0          0          0        496   dunder.o
        24          0          0          0          0        124   fabs.o
        48          0          0          0          0        124   fpclassify.o
        38          0          0          0          0        116   fpclassifyf.o
        44         12          0          0          0        464   funder.o
       980         92         56          0          0        440   log.o
       248          0          0          0          0        152   poly.o
         0          0          8          0          0          0   qnan.o
      1080        142        200          0          0        188   rred.o
       340         24         32          0          0        160   rredf.o
       304         24         40          0          0        208   sin_i.o
       416         56          0          0          0        336   sinf.o
       110          0          0          0          0        148   sqrt_full.o
       120          0          0          0          0        272   sqrtf_full.o

    ----------------------------------------------------------------------
     45480       2678        956         12       2112     108103   Library Totals
        40          0         12          0          0          0   (incl. Padding)

    ----------------------------------------------------------------------

      Code (inc. data)   RO Data    RW Data    ZI Data      Debug   Library Name

      8574        444        551          0         96       6364   c_wu.l
      7722        408          0          0          0       6616   g_wm.l
     23436       1182          9         12       2016      90663   libmpllib.a
      5708        644        384          0          0       4460   m_wm.l

    ----------------------------------------------------------------------
     45480       2678        956         12       2112     108103   Library Totals

    ----------------------------------------------------------------------

==============================================================================


      Code (inc. data)   RO Data    RW Data    ZI Data      Debug   

     77048       4604       4692        132       8132     680125   Grand Totals
     77048       4604       4692        132       8132     680125   ELF Image Totals
     77048       4604       4692        132          0          0   ROM Totals

==============================================================================

    Total RO  Size (Code + RO Data)                81740 (  79.82kB)
    Total RW  Size (RW Data + ZI Data)              8264 (   8.07kB)
    Total ROM Size (Code + RO Data + RW Data)      81872 (  79.95kB)

==============================================================================

